Archive member included to satisfy reference by file (symbol)

c:/program files (x86)/gnu tools arm embedded/9 2019-q4-major/bin/../lib/gcc/arm-none-eabi/9.2.1/../../../../arm-none-eabi/lib/thumb/v7e-m+fp/hard\libc_nano.a(lib_a-errno.o)
                              ./Core/Src/syscalls.o (__errno)
c:/program files (x86)/gnu tools arm embedded/9 2019-q4-major/bin/../lib/gcc/arm-none-eabi/9.2.1/../../../../arm-none-eabi/lib/thumb/v7e-m+fp/hard\libc_nano.a(lib_a-exit.o)
                              c:/program files (x86)/gnu tools arm embedded/9 2019-q4-major/bin/../lib/gcc/arm-none-eabi/9.2.1/../../../../arm-none-eabi/lib/thumb/v7e-m+fp/hard/crt0.o (exit)
c:/program files (x86)/gnu tools arm embedded/9 2019-q4-major/bin/../lib/gcc/arm-none-eabi/9.2.1/../../../../arm-none-eabi/lib/thumb/v7e-m+fp/hard\libc_nano.a(lib_a-impure.o)
                              c:/program files (x86)/gnu tools arm embedded/9 2019-q4-major/bin/../lib/gcc/arm-none-eabi/9.2.1/../../../../arm-none-eabi/lib/thumb/v7e-m+fp/hard\libc_nano.a(lib_a-exit.o) (_global_impure_ptr)
c:/program files (x86)/gnu tools arm embedded/9 2019-q4-major/bin/../lib/gcc/arm-none-eabi/9.2.1/../../../../arm-none-eabi/lib/thumb/v7e-m+fp/hard\libc_nano.a(lib_a-init.o)
                              c:/program files (x86)/gnu tools arm embedded/9 2019-q4-major/bin/../lib/gcc/arm-none-eabi/9.2.1/../../../../arm-none-eabi/lib/thumb/v7e-m+fp/hard/crt0.o (__libc_init_array)
c:/program files (x86)/gnu tools arm embedded/9 2019-q4-major/bin/../lib/gcc/arm-none-eabi/9.2.1/../../../../arm-none-eabi/lib/thumb/v7e-m+fp/hard\libc_nano.a(lib_a-memset.o)
                              c:/program files (x86)/gnu tools arm embedded/9 2019-q4-major/bin/../lib/gcc/arm-none-eabi/9.2.1/../../../../arm-none-eabi/lib/thumb/v7e-m+fp/hard/crt0.o (memset)
c:/program files (x86)/gnu tools arm embedded/9 2019-q4-major/bin/../lib/gcc/arm-none-eabi/9.2.1/thumb/v7e-m+fp/hard\libgcc.a(_arm_truncdfsf2.o)
                              ./Core/Src/lcd.o (__aeabi_d2f)
c:/program files (x86)/gnu tools arm embedded/9 2019-q4-major/bin/../lib/gcc/arm-none-eabi/9.2.1/thumb/v7e-m+fp/hard\libgcc.a(_aeabi_ldivmod.o)
                              ./Core/Src/lcd.o (__aeabi_ldivmod)
c:/program files (x86)/gnu tools arm embedded/9 2019-q4-major/bin/../lib/gcc/arm-none-eabi/9.2.1/thumb/v7e-m+fp/hard\libgcc.a(_aeabi_uldivmod.o)
                              ./Core/Src/lcd.o (__aeabi_uldivmod)
c:/program files (x86)/gnu tools arm embedded/9 2019-q4-major/bin/../lib/gcc/arm-none-eabi/9.2.1/thumb/v7e-m+fp/hard\libgcc.a(_udivmoddi4.o)
                              c:/program files (x86)/gnu tools arm embedded/9 2019-q4-major/bin/../lib/gcc/arm-none-eabi/9.2.1/thumb/v7e-m+fp/hard\libgcc.a(_aeabi_ldivmod.o) (__udivmoddi4)
c:/program files (x86)/gnu tools arm embedded/9 2019-q4-major/bin/../lib/gcc/arm-none-eabi/9.2.1/thumb/v7e-m+fp/hard\libgcc.a(_dvmd_tls.o)
                              c:/program files (x86)/gnu tools arm embedded/9 2019-q4-major/bin/../lib/gcc/arm-none-eabi/9.2.1/thumb/v7e-m+fp/hard\libgcc.a(_aeabi_ldivmod.o) (__aeabi_ldiv0)

Allocating common symbols
Common symbol       size              file

hi2c2               0x54              ./Core/Src/i2c.o
char_max_y          0x1               ./Core/Src/lcd.o
uwTick              0x4               ./Drivers/STM32F4xx_HAL_Driver/Src/stm32f4xx_hal.o
pFlash              0x20              ./Drivers/STM32F4xx_HAL_Driver/Src/stm32f4xx_hal_flash.o
htim5               0x48              ./Core/Src/tim.o
hcan2               0x28              ./Core/Src/can.o
huart1              0x44              ./Core/Src/usart.o
char_max_x          0x1               ./Core/Src/lcd.o
hspi1               0x58              ./Core/Src/spi.o
huart2              0x44              ./Core/Src/usart.o
hcan1               0x28              ./Core/Src/can.o
hdma_spi1_tx        0x60              ./Core/Src/spi.o

Discarded input sections

 .text          0x00000000        0x0 c:/program files (x86)/gnu tools arm embedded/9 2019-q4-major/bin/../lib/gcc/arm-none-eabi/9.2.1/thumb/v7e-m+fp/hard/crti.o
 .data          0x00000000        0x0 c:/program files (x86)/gnu tools arm embedded/9 2019-q4-major/bin/../lib/gcc/arm-none-eabi/9.2.1/thumb/v7e-m+fp/hard/crti.o
 .bss           0x00000000        0x0 c:/program files (x86)/gnu tools arm embedded/9 2019-q4-major/bin/../lib/gcc/arm-none-eabi/9.2.1/thumb/v7e-m+fp/hard/crti.o
 .data          0x00000000        0x4 c:/program files (x86)/gnu tools arm embedded/9 2019-q4-major/bin/../lib/gcc/arm-none-eabi/9.2.1/thumb/v7e-m+fp/hard/crtbegin.o
 .text          0x00000000       0x74 c:/program files (x86)/gnu tools arm embedded/9 2019-q4-major/bin/../lib/gcc/arm-none-eabi/9.2.1/../../../../arm-none-eabi/lib/thumb/v7e-m+fp/hard/crt0.o
 .data          0x00000000        0x0 c:/program files (x86)/gnu tools arm embedded/9 2019-q4-major/bin/../lib/gcc/arm-none-eabi/9.2.1/../../../../arm-none-eabi/lib/thumb/v7e-m+fp/hard/crt0.o
[...]
Memory Configuration

Name             Origin             Length             Attributes
CCMRAM           0x10000000         0x00010000         xrw
RAM              0x20000000         0x00020000         xrw
FLASH            0x08000000         0x00100000         xr
*default*        0x00000000         0xffffffff

Linker script and memory map

LOAD c:/program files (x86)/gnu tools arm embedded/9 2019-q4-major/bin/../lib/gcc/arm-none-eabi/9.2.1/thumb/v7e-m+fp/hard/crti.o
LOAD c:/program files (x86)/gnu tools arm embedded/9 2019-q4-major/bin/../lib/gcc/arm-none-eabi/9.2.1/thumb/v7e-m+fp/hard/crtbegin.o
LOAD c:/program files (x86)/gnu tools arm embedded/9 2019-q4-major/bin/../lib/gcc/arm-none-eabi/9.2.1/../../../../arm-none-eabi/lib/thumb/v7e-m+fp/hard/crt0.o
LOAD ./Core/Src/can.o
LOAD ./Core/Src/dma.o
LOAD ./Core/Src/gpio.o
LOAD ./Core/Src/i2c.o
LOAD ./Core/Src/lcd.o
LOAD ./Core/Src/lcd_graphics.o
LOAD ./Core/Src/main.o
LOAD ./Core/Src/spi.o
LOAD ./Core/Src/stm32f4xx_hal_msp.o
LOAD ./Core/Src/stm32f4xx_it.o
LOAD ./Core/Src/syscalls.o
LOAD ./Core/Src/sysmem.o
LOAD ./Core/Src/system_stm32f4xx.o
LOAD ./Core/Src/tim.o
LOAD ./Core/Src/tutorial2_hw.o
LOAD ./Core/Src/usart.o
LOAD ./Core/Startup/startup_stm32f405rgtx.o
LOAD ./Drivers/STM32F4xx_HAL_Driver/Src/stm32f4xx_hal.o
LOAD ./Drivers/STM32F4xx_HAL_Driver/Src/stm32f4xx_hal_can.o
LOAD ./Drivers/STM32F4xx_HAL_Driver/Src/stm32f4xx_hal_cortex.o
LOAD ./Drivers/STM32F4xx_HAL_Driver/Src/stm32f4xx_hal_dma.o
LOAD ./Drivers/STM32F4xx_HAL_Driver/Src/stm32f4xx_hal_dma_ex.o
LOAD ./Drivers/STM32F4xx_HAL_Driver/Src/stm32f4xx_hal_exti.o
LOAD ./Drivers/STM32F4xx_HAL_Driver/Src/stm32f4xx_hal_flash.o
LOAD ./Drivers/STM32F4xx_HAL_Driver/Src/stm32f4xx_hal_flash_ex.o
LOAD ./Drivers/STM32F4xx_HAL_Driver/Src/stm32f4xx_hal_flash_ramfunc.o
LOAD ./Drivers/STM32F4xx_HAL_Driver/Src/stm32f4xx_hal_gpio.o
LOAD ./Drivers/STM32F4xx_HAL_Driver/Src/stm32f4xx_hal_i2c.o
LOAD ./Drivers/STM32F4xx_HAL_Driver/Src/stm32f4xx_hal_i2c_ex.o
LOAD ./Drivers/STM32F4xx_HAL_Driver/Src/stm32f4xx_hal_pwr.o
LOAD ./Drivers/STM32F4xx_HAL_Driver/Src/stm32f4xx_hal_pwr_ex.o
LOAD ./Drivers/STM32F4xx_HAL_Driver/Src/stm32f4xx_hal_rcc.o
LOAD ./Drivers/STM32F4xx_HAL_Driver/Src/stm32f4xx_hal_rcc_ex.o
LOAD ./Drivers/STM32F4xx_HAL_Driver/Src/stm32f4xx_hal_spi.o
LOAD ./Drivers/STM32F4xx_HAL_Driver/Src/stm32f4xx_hal_tim.o
LOAD ./Drivers/STM32F4xx_HAL_Driver/Src/stm32f4xx_hal_tim_ex.o
LOAD ./Drivers/STM32F4xx_HAL_Driver/Src/stm32f4xx_hal_uart.o
START GROUP
LOAD c:/program files (x86)/gnu tools arm embedded/9 2019-q4-major/bin/../lib/gcc/arm-none-eabi/9.2.1/../../../../arm-none-eabi/lib/thumb/v7e-m+fp/hard\libc_nano.a
LOAD c:/program files (x86)/gnu tools arm embedded/9 2019-q4-major/bin/../lib/gcc/arm-none-eabi/9.2.1/../../../../arm-none-eabi/lib/thumb/v7e-m+fp/hard\libm.a
END GROUP
START GROUP
LOAD c:/program files (x86)/gnu tools arm embedded/9 2019-q4-major/bin/../lib/gcc/arm-none-eabi/9.2.1/thumb/v7e-m+fp/hard\libgcc.a
LOAD c:/program files (x86)/gnu tools arm embedded/9 2019-q4-major/bin/../lib/gcc/arm-none-eabi/9.2.1/../../../../arm-none-eabi/lib/thumb/v7e-m+fp/hard\libc_nano.a
END GROUP
START GROUP
LOAD c:/program files (x86)/gnu tools arm embedded/9 2019-q4-major/bin/../lib/gcc/arm-none-eabi/9.2.1/thumb/v7e-m+fp/hard\libgcc.a
LOAD c:/program files (x86)/gnu tools arm embedded/9 2019-q4-major/bin/../lib/gcc/arm-none-eabi/9.2.1/../../../../arm-none-eabi/lib/thumb/v7e-m+fp/hard\libc_nano.a
LOAD c:/program files (x86)/gnu tools arm embedded/9 2019-q4-major/bin/../lib/gcc/arm-none-eabi/9.2.1/../../../../arm-none-eabi/lib/thumb/v7e-m+fp/hard\libnosys.a
END GROUP
START GROUP
LOAD c:/program files (x86)/gnu tools arm embedded/9 2019-q4-major/bin/../lib/gcc/arm-none-eabi/9.2.1/thumb/v7e-m+fp/hard\libgcc.a
LOAD c:/program files (x86)/gnu tools arm embedded/9 2019-q4-major/bin/../lib/gcc/arm-none-eabi/9.2.1/../../../../arm-none-eabi/lib/thumb/v7e-m+fp/hard\libc_nano.a
LOAD c:/program files (x86)/gnu tools arm embedded/9 2019-q4-major/bin/../lib/gcc/arm-none-eabi/9.2.1/../../../../arm-none-eabi/lib/thumb/v7e-m+fp/hard\libnosys.a
END GROUP
LOAD c:/program files (x86)/gnu tools arm embedded/9 2019-q4-major/bin/../lib/gcc/arm-none-eabi/9.2.1/thumb/v7e-m+fp/hard/crtend.o
LOAD c:/program files (x86)/gnu tools arm embedded/9 2019-q4-major/bin/../lib/gcc/arm-none-eabi/9.2.1/thumb/v7e-m+fp/hard/crtn.o
                0x20020000                _estack = (ORIGIN (RAM) + LENGTH (RAM))
                0x00000200                _Min_Heap_Size = 0x200
                0x00000400                _Min_Stack_Size = 0x400

.isr_vector     0x08000000      0x188
                0x08000000                . = ALIGN (0x4)
 *(.isr_vector)
 .isr_vector    0x08000000      0x188 ./Core/Startup/startup_stm32f405rgtx.o
                0x08000000                g_pfnVectors
                0x08000188                . = ALIGN (0x4)

.text           0x08000188     0x2db0
                0x08000188                . = ALIGN (0x4)
 *(.text)
 .text          0x08000188       0x40 c:/program files (x86)/gnu tools arm embedded/9 2019-q4-major/bin/../lib/gcc/arm-none-eabi/9.2.1/thumb/v7e-m+fp/hard/crtbegin.o
 .text          0x080001c8       0x30 c:/program files (x86)/gnu tools arm embedded/9 2019-q4-major/bin/../lib/gcc/arm-none-eabi/9.2.1/thumb/v7e-m+fp/hard\libgcc.a(_aeabi_uldivmod.o)
                0x080001c8                __aeabi_uldivmod
 .text          0x080001f8      0x2c4 c:/program files (x86)/gnu tools arm embedded/9 2019-q4-major/bin/../lib/gcc/arm-none-eabi/9.2.1/thumb/v7e-m+fp/hard\libgcc.a(_udivmoddi4.o)
                0x080001f8                __udivmoddi4
 .text          0x080004bc        0x4 c:/program files (x86)/gnu tools arm embedded/9 2019-q4-major/bin/../lib/gcc/arm-none-eabi/9.2.1/thumb/v7e-m+fp/hard\libgcc.a(_dvmd_tls.o)
                0x080004bc                __aeabi_idiv0
                0x080004bc                __aeabi_ldiv0
 *(.text*)
 .text.MX_CAN1_Init
                0x080004c0       0x3c ./Core/Src/can.o
                0x080004c0                MX_CAN1_Init
 .text.MX_CAN2_Init
                0x080004fc       0x3c ./Core/Src/can.o
                0x080004fc                MX_CAN2_Init
 .text.HAL_CAN_MspInit
                0x08000538      0x100 ./Core/Src/can.o
                0x08000538                HAL_CAN_MspInit
 .text.MX_DMA_Init
                0x08000638       0x34 ./Core/Src/dma.o
                0x08000638                MX_DMA_Init
 .text.MX_GPIO_Init
                0x0800066c      0x174 ./Core/Src/gpio.o
                0x0800066c                MX_GPIO_Init
 .text.tft_char_is_changed
                0x080007e0       0x60 ./Core/Src/lcd.o
 .text.tft_clear
                0x08000840       0x4c ./Core/Src/lcd.o
 .text.tft_clear_full
                0x0800088c       0x7c ./Core/Src/lcd.o
 .text.write_data
                0x08000908       0x10 ./Core/Src/lcd.o
 .text.write_command
                0x08000918       0x40 ./Core/Src/lcd.o
 .text.tft_set_region
                0x08000958       0x6c ./Core/Src/lcd.o
 .text.tft_print_rectangle_dma
                0x080009c4       0xa0 ./Core/Src/lcd.o
                0x080009c4                tft_print_rectangle_dma
 .text.tft_print_rectangle
                0x08000a64       0x8e ./Core/Src/lcd.o
                0x08000a64                tft_print_rectangle
 *fill*         0x08000af2        0x2 
 .text.tft_print_image
                0x08000af4       0x4c ./Core/Src/lcd.o
                0x08000af4                tft_print_image
 .text.tft_update
                0x08000b40      0x1cc ./Core/Src/lcd.o
                0x08000b40                tft_update
 .text.tft_force_clear
                0x08000d0c       0x44 ./Core/Src/lcd.o
                0x08000d0c                tft_force_clear
 .text.tft_init
                0x08000d50      0x17c ./Core/Src/lcd.o
                0x08000d50                tft_init
 .text.SystemClock_Config
                0x08000ecc       0xa0 ./Core/Src/main.o
                0x08000ecc                SystemClock_Config
 .text.startup.main
                0x08000f6c       0x9c ./Core/Src/main.o
                0x08000f6c                main
 .text.Error_Handler
                0x08001008        0x4 ./Core/Src/main.o
                0x08001008                Error_Handler
 .text.MX_SPI1_Init
                0x0800100c       0x44 ./Core/Src/spi.o
                0x0800100c                MX_SPI1_Init
 .text.HAL_SPI_MspInit
                0x08001050       0xc4 ./Core/Src/spi.o
                0x08001050                HAL_SPI_MspInit
 .text.HAL_MspInit
                0x08001114       0x38 ./Core/Src/stm32f4xx_hal_msp.o
                0x08001114                HAL_MspInit
 .text.NMI_Handler
                0x0800114c        0x2 ./Core/Src/stm32f4xx_it.o
                0x0800114c                NMI_Handler
 .text.HardFault_Handler
                0x0800114e        0x2 ./Core/Src/stm32f4xx_it.o
                0x0800114e                HardFault_Handler
 .text.MemManage_Handler
                0x08001150        0x2 ./Core/Src/stm32f4xx_it.o
                0x08001150                MemManage_Handler
 .text.BusFault_Handler
                0x08001152        0x2 ./Core/Src/stm32f4xx_it.o
                0x08001152                BusFault_Handler
 .text.UsageFault_Handler
                0x08001154        0x2 ./Core/Src/stm32f4xx_it.o
                0x08001154                UsageFault_Handler
 .text.SVC_Handler
                0x08001156        0x2 ./Core/Src/stm32f4xx_it.o
                0x08001156                SVC_Handler
 .text.DebugMon_Handler
                0x08001158        0x2 ./Core/Src/stm32f4xx_it.o
                0x08001158                DebugMon_Handler
 .text.PendSV_Handler
                0x0800115a        0x2 ./Core/Src/stm32f4xx_it.o
                0x0800115a                PendSV_Handler
 .text.SysTick_Handler
                0x0800115c        0x4 ./Core/Src/stm32f4xx_it.o
                0x0800115c                SysTick_Handler
 .text.SPI1_IRQHandler
                0x08001160        0xc ./Core/Src/stm32f4xx_it.o
                0x08001160                SPI1_IRQHandler
 .text.EXTI15_10_IRQHandler
                0x0800116c        0x8 ./Core/Src/stm32f4xx_it.o
                0x0800116c                EXTI15_10_IRQHandler
 .text.TIM5_IRQHandler
                0x08001174        0xc ./Core/Src/stm32f4xx_it.o
                0x08001174                TIM5_IRQHandler
 .text.DMA2_Stream3_IRQHandler
                0x08001180        0xc ./Core/Src/stm32f4xx_it.o
                0x08001180                DMA2_Stream3_IRQHandler
 .text.SystemInit
                0x0800118c       0x14 ./Core/Src/system_stm32f4xx.o
                0x0800118c                SystemInit
 .text.HAL_TIM_Base_MspInit
                0x080011a0       0x44 ./Core/Src/tim.o
                0x080011a0                HAL_TIM_Base_MspInit
 .text.HAL_TIM_MspPostInit
                0x080011e4       0x58 ./Core/Src/tim.o
                0x080011e4                HAL_TIM_MspPostInit
 .text.MX_TIM5_Init
                0x0800123c       0x9c ./Core/Src/tim.o
                0x0800123c                MX_TIM5_Init
 .text.gpio_classwork
                0x080012d8        0x2 ./Core/Src/tutorial2_hw.o
                0x080012d8                gpio_classwork
 .text.tft_classwork
                0x080012da        0x2 ./Core/Src/tutorial2_hw.o
                0x080012da                tft_classwork
 .text.tutorial2_homework
                0x080012dc        0x2 ./Core/Src/tutorial2_hw.o
                0x080012dc                tutorial2_homework
 *fill*         0x080012de        0x2 
 .text.MX_USART1_UART_Init
                0x080012e0       0x38 ./Core/Src/usart.o
                0x080012e0                MX_USART1_UART_Init
 .text.MX_USART2_UART_Init
                0x08001318       0x38 ./Core/Src/usart.o
                0x08001318                MX_USART2_UART_Init
 .text.HAL_UART_MspInit
                0x08001350       0xac ./Core/Src/usart.o
                0x08001350                HAL_UART_MspInit
 .text.Reset_Handler
                0x080013fc       0x50 ./Core/Startup/startup_stm32f405rgtx.o
                0x080013fc                Reset_Handler
 .text.Default_Handler
                0x0800144c        0x2 ./Core/Startup/startup_stm32f405rgtx.o
                0x0800144c                RTC_Alarm_IRQHandler
                0x0800144c                HASH_RNG_IRQHandler
                0x0800144c                EXTI2_IRQHandler
                0x0800144c                TIM8_CC_IRQHandler
                0x0800144c                TIM1_CC_IRQHandler
                0x0800144c                DMA2_Stream5_IRQHandler
                0x0800144c                DMA1_Stream5_IRQHandler
                0x0800144c                PVD_IRQHandler
                0x0800144c                SDIO_IRQHandler
                0x0800144c                TAMP_STAMP_IRQHandler
                0x0800144c                CAN2_RX1_IRQHandler
                0x0800144c                EXTI3_IRQHandler
                0x0800144c                TIM8_TRG_COM_TIM14_IRQHandler
                0x0800144c                TIM1_UP_TIM10_IRQHandler
                0x0800144c                TIM8_UP_TIM13_IRQHandler
                0x0800144c                I2C3_ER_IRQHandler
                0x0800144c                EXTI0_IRQHandler
                0x0800144c                I2C2_EV_IRQHandler
                0x0800144c                DMA1_Stream2_IRQHandler
                0x0800144c                CAN1_RX0_IRQHandler
                0x0800144c                FPU_IRQHandler
                0x0800144c                OTG_HS_WKUP_IRQHandler
                0x0800144c                CAN2_SCE_IRQHandler
                0x0800144c                DMA2_Stream2_IRQHandler
                0x0800144c                TIM6_DAC_IRQHandler
                0x0800144c                TIM1_BRK_TIM9_IRQHandler
                0x0800144c                CAN2_RX0_IRQHandler
                0x0800144c                USART6_IRQHandler
                0x0800144c                USART3_IRQHandler
                0x0800144c                CAN1_RX1_IRQHandler
                0x0800144c                UART5_IRQHandler
                0x0800144c                DMA2_Stream0_IRQHandler
                0x0800144c                TIM4_IRQHandler
                0x0800144c                I2C1_EV_IRQHandler
                0x0800144c                DMA1_Stream6_IRQHandler
                0x0800144c                DMA1_Stream1_IRQHandler
                0x0800144c                UART4_IRQHandler
                0x0800144c                TIM3_IRQHandler
                0x0800144c                RCC_IRQHandler
                0x0800144c                TIM8_BRK_TIM12_IRQHandler
                0x0800144c                Default_Handler
                0x0800144c                ADC_IRQHandler
                0x0800144c                DMA1_Stream7_IRQHandler
                0x0800144c                TIM7_IRQHandler
                0x0800144c                CAN2_TX_IRQHandler
                0x0800144c                DMA2_Stream7_IRQHandler
                0x0800144c                I2C3_EV_IRQHandler
                0x0800144c                EXTI9_5_IRQHandler
                0x0800144c                RTC_WKUP_IRQHandler
                0x0800144c                SPI2_IRQHandler
                0x0800144c                OTG_HS_EP1_IN_IRQHandler
                0x0800144c                DMA1_Stream0_IRQHandler
                0x0800144c                CAN1_TX_IRQHandler
                0x0800144c                EXTI4_IRQHandler
                0x0800144c                FSMC_IRQHandler
                0x0800144c                OTG_HS_EP1_OUT_IRQHandler
                0x0800144c                WWDG_IRQHandler
                0x0800144c                TIM2_IRQHandler
                0x0800144c                OTG_FS_WKUP_IRQHandler
                0x0800144c                TIM1_TRG_COM_TIM11_IRQHandler
                0x0800144c                OTG_HS_IRQHandler
                0x0800144c                EXTI1_IRQHandler
                0x0800144c                USART2_IRQHandler
                0x0800144c                I2C2_ER_IRQHandler
                0x0800144c                DMA2_Stream1_IRQHandler
                0x0800144c                CAN1_SCE_IRQHandler
                0x0800144c                FLASH_IRQHandler
                0x0800144c                DMA2_Stream4_IRQHandler
                0x0800144c                USART1_IRQHandler
                0x0800144c                OTG_FS_IRQHandler
                0x0800144c                SPI3_IRQHandler
                0x0800144c                DMA1_Stream4_IRQHandler
                0x0800144c                I2C1_ER_IRQHandler
                0x0800144c                DMA2_Stream6_IRQHandler
                0x0800144c                DMA1_Stream3_IRQHandler
 *fill*         0x0800144e        0x2 
 .text.HAL_InitTick
                0x08001450       0x48 ./Drivers/STM32F4xx_HAL_Driver/Src/stm32f4xx_hal.o
                0x08001450                HAL_InitTick
 .text.HAL_Init
                0x08001498       0x34 ./Drivers/STM32F4xx_HAL_Driver/Src/stm32f4xx_hal.o
                0x08001498                HAL_Init
 .text.HAL_IncTick
                0x080014cc       0x18 ./Drivers/STM32F4xx_HAL_Driver/Src/stm32f4xx_hal.o
                0x080014cc                HAL_IncTick
 .text.HAL_GetTick
                0x080014e4        0xc ./Drivers/STM32F4xx_HAL_Driver/Src/stm32f4xx_hal.o
                0x080014e4                HAL_GetTick
 .text.HAL_Delay
                0x080014f0       0x28 ./Drivers/STM32F4xx_HAL_Driver/Src/stm32f4xx_hal.o
                0x080014f0                HAL_Delay
 .text.HAL_CAN_Init
                0x08001518       0xf6 ./Drivers/STM32F4xx_HAL_Driver/Src/stm32f4xx_hal_can.o
                0x08001518                HAL_CAN_Init
 *fill*         0x0800160e        0x2 
 .text.HAL_NVIC_SetPriorityGrouping
                0x08001610       0x24 ./Drivers/STM32F4xx_HAL_Driver/Src/stm32f4xx_hal_cortex.o
                0x08001610                HAL_NVIC_SetPriorityGrouping
 .text.HAL_NVIC_SetPriority
                0x08001634       0x64 ./Drivers/STM32F4xx_HAL_Driver/Src/stm32f4xx_hal_cortex.o
                0x08001634                HAL_NVIC_SetPriority
 .text.HAL_NVIC_EnableIRQ
                0x08001698       0x1c ./Drivers/STM32F4xx_HAL_Driver/Src/stm32f4xx_hal_cortex.o
                0x08001698                HAL_NVIC_EnableIRQ
 .text.HAL_SYSTICK_Config
                0x080016b4       0x2c ./Drivers/STM32F4xx_HAL_Driver/Src/stm32f4xx_hal_cortex.o
                0x080016b4                HAL_SYSTICK_Config
 .text.DMA_CalcBaseAndBitshift
                0x080016e0       0x2c ./Drivers/STM32F4xx_HAL_Driver/Src/stm32f4xx_hal_dma.o
 .text.HAL_DMA_Init
                0x0800170c      0x100 ./Drivers/STM32F4xx_HAL_Driver/Src/stm32f4xx_hal_dma.o
                0x0800170c                HAL_DMA_Init
 .text.HAL_DMA_Start_IT
                0x0800180c       0x74 ./Drivers/STM32F4xx_HAL_Driver/Src/stm32f4xx_hal_dma.o
                0x0800180c                HAL_DMA_Start_IT
 .text.HAL_DMA_Abort_IT
                0x08001880       0x24 ./Drivers/STM32F4xx_HAL_Driver/Src/stm32f4xx_hal_dma.o
                0x08001880                HAL_DMA_Abort_IT
 .text.HAL_DMA_IRQHandler
                0x080018a4      0x17c ./Drivers/STM32F4xx_HAL_Driver/Src/stm32f4xx_hal_dma.o
                0x080018a4                HAL_DMA_IRQHandler
 .text.HAL_GPIO_Init
                0x08001a20      0x1b4 ./Drivers/STM32F4xx_HAL_Driver/Src/stm32f4xx_hal_gpio.o
                0x08001a20                HAL_GPIO_Init
 .text.HAL_GPIO_WritePin
                0x08001bd4        0xa ./Drivers/STM32F4xx_HAL_Driver/Src/stm32f4xx_hal_gpio.o
                0x08001bd4                HAL_GPIO_WritePin
 .text.HAL_GPIO_TogglePin
                0x08001bde       0x12 ./Drivers/STM32F4xx_HAL_Driver/Src/stm32f4xx_hal_gpio.o
                0x08001bde                HAL_GPIO_TogglePin
 .text.HAL_GPIO_EXTI_Callback
                0x08001bf0        0x2 ./Drivers/STM32F4xx_HAL_Driver/Src/stm32f4xx_hal_gpio.o
                0x08001bf0                HAL_GPIO_EXTI_Callback
 *fill*         0x08001bf2        0x2 
 .text.HAL_GPIO_EXTI_IRQHandler
                0x08001bf4       0x18 ./Drivers/STM32F4xx_HAL_Driver/Src/stm32f4xx_hal_gpio.o
                0x08001bf4                HAL_GPIO_EXTI_IRQHandler
 .text.HAL_RCC_OscConfig
                0x08001c0c      0x358 ./Drivers/STM32F4xx_HAL_Driver/Src/stm32f4xx_hal_rcc.o
                0x08001c0c                HAL_RCC_OscConfig
 .text.HAL_RCC_GetSysClockFreq
                0x08001f64       0x5c ./Drivers/STM32F4xx_HAL_Driver/Src/stm32f4xx_hal_rcc.o
                0x08001f64                HAL_RCC_GetSysClockFreq
 .text.HAL_RCC_ClockConfig
                0x08001fc0      0x138 ./Drivers/STM32F4xx_HAL_Driver/Src/stm32f4xx_hal_rcc.o
                0x08001fc0                HAL_RCC_ClockConfig
 .text.HAL_RCC_GetPCLK1Freq
                0x080020f8       0x20 ./Drivers/STM32F4xx_HAL_Driver/Src/stm32f4xx_hal_rcc.o
                0x080020f8                HAL_RCC_GetPCLK1Freq
 .text.HAL_RCC_GetPCLK2Freq
                0x08002118       0x20 ./Drivers/STM32F4xx_HAL_Driver/Src/stm32f4xx_hal_rcc.o
                0x08002118                HAL_RCC_GetPCLK2Freq
 .text.SPI_WaitFlagStateUntilTimeout.constprop.0
                0x08002138       0xa8 ./Drivers/STM32F4xx_HAL_Driver/Src/stm32f4xx_hal_spi.o
 .text.SPI_EndRxTxTransaction
                0x080021e0       0x58 ./Drivers/STM32F4xx_HAL_Driver/Src/stm32f4xx_hal_spi.o
 .text.HAL_SPI_Init
                0x08002238       0xb8 ./Drivers/STM32F4xx_HAL_Driver/Src/stm32f4xx_hal_spi.o
                0x08002238                HAL_SPI_Init
 .text.HAL_SPI_Transmit
                0x080022f0      0x15a ./Drivers/STM32F4xx_HAL_Driver/Src/stm32f4xx_hal_spi.o
                0x080022f0                HAL_SPI_Transmit
 *fill*         0x0800244a        0x2 
 .text.HAL_SPI_Transmit_DMA
                0x0800244c       0xc8 ./Drivers/STM32F4xx_HAL_Driver/Src/stm32f4xx_hal_spi.o
                0x0800244c                HAL_SPI_Transmit_DMA
 .text.HAL_SPI_TxCpltCallback
                0x08002514        0x2 ./Drivers/STM32F4xx_HAL_Driver/Src/stm32f4xx_hal_spi.o
                0x08002514                HAL_SPI_TxCpltCallback
 .text.HAL_SPI_TxHalfCpltCallback
                0x08002516        0x2 ./Drivers/STM32F4xx_HAL_Driver/Src/stm32f4xx_hal_spi.o
                0x08002516                HAL_SPI_TxHalfCpltCallback
 .text.SPI_DMAHalfTransmitCplt
                0x08002518        0xa ./Drivers/STM32F4xx_HAL_Driver/Src/stm32f4xx_hal_spi.o
 .text.HAL_SPI_ErrorCallback
                0x08002522        0x2 ./Drivers/STM32F4xx_HAL_Driver/Src/stm32f4xx_hal_spi.o
                0x08002522                HAL_SPI_ErrorCallback
 .text.SPI_DMAError
                0x08002524       0x22 ./Drivers/STM32F4xx_HAL_Driver/Src/stm32f4xx_hal_spi.o
 .text.SPI_DMATransmitCplt
                0x08002546       0x6a ./Drivers/STM32F4xx_HAL_Driver/Src/stm32f4xx_hal_spi.o
 .text.HAL_SPI_IRQHandler
                0x080025b0      0x10c ./Drivers/STM32F4xx_HAL_Driver/Src/stm32f4xx_hal_spi.o
                0x080025b0                HAL_SPI_IRQHandler
 .text.SPI_DMAAbortOnError
                0x080026bc       0x10 ./Drivers/STM32F4xx_HAL_Driver/Src/stm32f4xx_hal_spi.o
 .text.HAL_SPI_GetState
                0x080026cc        0x6 ./Drivers/STM32F4xx_HAL_Driver/Src/stm32f4xx_hal_spi.o
                0x080026cc                HAL_SPI_GetState
 *fill*         0x080026d2        0x2 
 .text.TIM_OC1_SetConfig
                0x080026d4       0x64 ./Drivers/STM32F4xx_HAL_Driver/Src/stm32f4xx_hal_tim.o
 .text.TIM_OC3_SetConfig
                0x08002738       0x6c ./Drivers/STM32F4xx_HAL_Driver/Src/stm32f4xx_hal_tim.o
 .text.TIM_OC4_SetConfig
                0x080027a4       0x4c ./Drivers/STM32F4xx_HAL_Driver/Src/stm32f4xx_hal_tim.o
 .text.HAL_TIM_PWM_MspInit
                0x080027f0        0x2 ./Drivers/STM32F4xx_HAL_Driver/Src/stm32f4xx_hal_tim.o
                0x080027f0                HAL_TIM_PWM_MspInit
 .text.HAL_TIM_PeriodElapsedCallback
                0x080027f2        0x2 ./Drivers/STM32F4xx_HAL_Driver/Src/stm32f4xx_hal_tim.o
                0x080027f2                HAL_TIM_PeriodElapsedCallback
 .text.HAL_TIM_OC_DelayElapsedCallback
                0x080027f4        0x2 ./Drivers/STM32F4xx_HAL_Driver/Src/stm32f4xx_hal_tim.o
                0x080027f4                HAL_TIM_OC_DelayElapsedCallback
 .text.HAL_TIM_IC_CaptureCallback
                0x080027f6        0x2 ./Drivers/STM32F4xx_HAL_Driver/Src/stm32f4xx_hal_tim.o
                0x080027f6                HAL_TIM_IC_CaptureCallback
 .text.HAL_TIM_PWM_PulseFinishedCallback
                0x080027f8        0x2 ./Drivers/STM32F4xx_HAL_Driver/Src/stm32f4xx_hal_tim.o
                0x080027f8                HAL_TIM_PWM_PulseFinishedCallback
 .text.HAL_TIM_TriggerCallback
                0x080027fa        0x2 ./Drivers/STM32F4xx_HAL_Driver/Src/stm32f4xx_hal_tim.o
                0x080027fa                HAL_TIM_TriggerCallback
 .text.HAL_TIM_IRQHandler
                0x080027fc      0x144 ./Drivers/STM32F4xx_HAL_Driver/Src/stm32f4xx_hal_tim.o
                0x080027fc                HAL_TIM_IRQHandler
 .text.TIM_Base_SetConfig
                0x08002940       0xcc ./Drivers/STM32F4xx_HAL_Driver/Src/stm32f4xx_hal_tim.o
                0x08002940                TIM_Base_SetConfig
 .text.HAL_TIM_Base_Init
                0x08002a0c       0x58 ./Drivers/STM32F4xx_HAL_Driver/Src/stm32f4xx_hal_tim.o
                0x08002a0c                HAL_TIM_Base_Init
 .text.HAL_TIM_PWM_Init
                0x08002a64       0x58 ./Drivers/STM32F4xx_HAL_Driver/Src/stm32f4xx_hal_tim.o
                0x08002a64                HAL_TIM_PWM_Init
 .text.TIM_OC2_SetConfig
                0x08002abc       0x6c ./Drivers/STM32F4xx_HAL_Driver/Src/stm32f4xx_hal_tim.o
                0x08002abc                TIM_OC2_SetConfig
 .text.HAL_TIM_PWM_ConfigChannel
                0x08002b28       0xbc ./Drivers/STM32F4xx_HAL_Driver/Src/stm32f4xx_hal_tim.o
                0x08002b28                HAL_TIM_PWM_ConfigChannel
 .text.TIM_ETR_SetConfig
                0x08002be4       0x14 ./Drivers/STM32F4xx_HAL_Driver/Src/stm32f4xx_hal_tim.o
                0x08002be4                TIM_ETR_SetConfig
 .text.HAL_TIM_ConfigClockSource
                0x08002bf8      0x138 ./Drivers/STM32F4xx_HAL_Driver/Src/stm32f4xx_hal_tim.o
                0x08002bf8                HAL_TIM_ConfigClockSource
 .text.HAL_TIMEx_MasterConfigSynchronization
                0x08002d30       0x7c ./Drivers/STM32F4xx_HAL_Driver/Src/stm32f4xx_hal_tim_ex.o
                0x08002d30                HAL_TIMEx_MasterConfigSynchronization
 .text.HAL_TIMEx_CommutCallback
                0x08002dac        0x2 ./Drivers/STM32F4xx_HAL_Driver/Src/stm32f4xx_hal_tim_ex.o
                0x08002dac                HAL_TIMEx_CommutCallback
 .text.HAL_TIMEx_BreakCallback
                0x08002dae        0x2 ./Drivers/STM32F4xx_HAL_Driver/Src/stm32f4xx_hal_tim_ex.o
                0x08002dae                HAL_TIMEx_BreakCallback
 .text.UART_SetConfig
                0x08002db0       0xbc ./Drivers/STM32F4xx_HAL_Driver/Src/stm32f4xx_hal_uart.o
 .text.HAL_UART_Init
                0x08002e6c       0x5c ./Drivers/STM32F4xx_HAL_Driver/Src/stm32f4xx_hal_uart.o
                0x08002e6c                HAL_UART_Init
 .text.__libc_init_array
                0x08002ec8       0x48 c:/program files (x86)/gnu tools arm embedded/9 2019-q4-major/bin/../lib/gcc/arm-none-eabi/9.2.1/../../../../arm-none-eabi/lib/thumb/v7e-m+fp/hard\libc_nano.a(lib_a-init.o)
                0x08002ec8                __libc_init_array
 .text.memset   0x08002f10       0x10 c:/program files (x86)/gnu tools arm embedded/9 2019-q4-major/bin/../lib/gcc/arm-none-eabi/9.2.1/../../../../arm-none-eabi/lib/thumb/v7e-m+fp/hard\libc_nano.a(lib_a-memset.o)
                0x08002f10                memset
 *(.glue_7)
 .glue_7        0x08002f20        0x0 linker stubs
 *(.glue_7t)
 .glue_7t       0x08002f20        0x0 linker stubs
 *(.eh_frame)
 .eh_frame      0x08002f20        0x0 c:/program files (x86)/gnu tools arm embedded/9 2019-q4-major/bin/../lib/gcc/arm-none-eabi/9.2.1/thumb/v7e-m+fp/hard/crtbegin.o
 *(.init)
 .init          0x08002f20        0x4 c:/program files (x86)/gnu tools arm embedded/9 2019-q4-major/bin/../lib/gcc/arm-none-eabi/9.2.1/thumb/v7e-m+fp/hard/crti.o
                0x08002f20                _init
 .init          0x08002f24        0x8 c:/program files (x86)/gnu tools arm embedded/9 2019-q4-major/bin/../lib/gcc/arm-none-eabi/9.2.1/thumb/v7e-m+fp/hard/crtn.o
 *(.fini)
 .fini          0x08002f2c        0x4 c:/program files (x86)/gnu tools arm embedded/9 2019-q4-major/bin/../lib/gcc/arm-none-eabi/9.2.1/thumb/v7e-m+fp/hard/crti.o
                0x08002f2c                _fini
 .fini          0x08002f30        0x8 c:/program files (x86)/gnu tools arm embedded/9 2019-q4-major/bin/../lib/gcc/arm-none-eabi/9.2.1/thumb/v7e-m+fp/hard/crtn.o
                0x08002f38                . = ALIGN (0x4)
                0x08002f38                _etext = .

.vfp11_veneer   0x08002f38        0x0
 .vfp11_veneer  0x08002f38        0x0 linker stubs

.v4_bx          0x08002f38        0x0
 .v4_bx         0x08002f38        0x0 linker stubs

.iplt           0x08002f38        0x0
 .iplt          0x08002f38        0x0 c:/program files (x86)/gnu tools arm embedded/9 2019-q4-major/bin/../lib/gcc/arm-none-eabi/9.2.1/thumb/v7e-m+fp/hard/crtbegin.o

.rodata         0x08002f38      0xe94
                0x08002f38                . = ALIGN (0x4)
 *(.rodata)
 *(.rodata*)
 .rodata.ascii_8x16
                0x08002f38      0xdff ./Core/Src/lcd.o
 .rodata.tft_init_code
                0x08003d37       0x71 ./Core/Src/lcd.o
                0x08003d37                tft_init_code
 .rodata.tft_orientation_init_code
                0x08003da8        0x4 ./Core/Src/lcd.o
                0x08003da8                tft_orientation_init_code
 .rodata.AHBPrescTable
                0x08003dac       0x10 ./Core/Src/system_stm32f4xx.o
                0x08003dac                AHBPrescTable
 .rodata.APBPrescTable
                0x08003dbc        0x8 ./Core/Src/system_stm32f4xx.o
                0x08003dbc                APBPrescTable
 .rodata.flagBitshiftOffset.8737
                0x08003dc4        0x8 ./Drivers/STM32F4xx_HAL_Driver/Src/stm32f4xx_hal_dma.o
                0x08003dcc                . = ALIGN (0x4)

.ARM.extab      0x08003dcc        0x0
                0x08003dcc                . = ALIGN (0x4)
 *(.ARM.extab* .gnu.linkonce.armextab.*)
                0x08003dcc                . = ALIGN (0x4)

.ARM            0x08003dcc        0x8
                0x08003dcc                . = ALIGN (0x4)
                0x08003dcc                __exidx_start = .
 *(.ARM.exidx*)
 .ARM.exidx     0x08003dcc        0x8 c:/program files (x86)/gnu tools arm embedded/9 2019-q4-major/bin/../lib/gcc/arm-none-eabi/9.2.1/thumb/v7e-m+fp/hard\libgcc.a(_udivmoddi4.o)
                0x08003dd4                __exidx_end = .
                0x08003dd4                . = ALIGN (0x4)

.rel.dyn        0x08003dd4        0x0
 .rel.iplt      0x08003dd4        0x0 c:/program files (x86)/gnu tools arm embedded/9 2019-q4-major/bin/../lib/gcc/arm-none-eabi/9.2.1/thumb/v7e-m+fp/hard/crtbegin.o

.preinit_array  0x08003dd4        0x0
                0x08003dd4                . = ALIGN (0x4)
                0x08003dd4                PROVIDE (__preinit_array_start = .)
 *(.preinit_array*)
                0x08003dd4                PROVIDE (__preinit_array_end = .)
                0x08003dd4                . = ALIGN (0x4)

.init_array     0x08003dd4        0x4
                0x08003dd4                . = ALIGN (0x4)
                0x08003dd4                PROVIDE (__init_array_start = .)
 *(SORT_BY_NAME(.init_array.*))
 *(.init_array*)
 .init_array    0x08003dd4        0x4 c:/program files (x86)/gnu tools arm embedded/9 2019-q4-major/bin/../lib/gcc/arm-none-eabi/9.2.1/thumb/v7e-m+fp/hard/crtbegin.o
                0x08003dd8                PROVIDE (__init_array_end = .)
                0x08003dd8                . = ALIGN (0x4)

.fini_array     0x08003dd8        0x4
                0x08003dd8                . = ALIGN (0x4)
                [!provide]                PROVIDE (__fini_array_start = .)
 *(SORT_BY_NAME(.fini_array.*))
 *(.fini_array*)
 .fini_array    0x08003dd8        0x4 c:/program files (x86)/gnu tools arm embedded/9 2019-q4-major/bin/../lib/gcc/arm-none-eabi/9.2.1/thumb/v7e-m+fp/hard/crtbegin.o
                [!provide]                PROVIDE (__fini_array_end = .)
                0x08003ddc                . = ALIGN (0x4)
                0x08003ddc                _sidata = LOADADDR (.data)

.data           0x20000000       0x10 load address 0x08003ddc
                0x20000000                . = ALIGN (0x4)
                0x20000000                _sdata = .
 *(.data)
 *(.data*)
 .data.tft_screens
                0x20000000        0x4 ./Core/Src/lcd.o
                0x20000000                tft_screens
 .data.SystemCoreClock
                0x20000004        0x4 ./Core/Src/system_stm32f4xx.o
                0x20000004                SystemCoreClock
 .data.uwTickFreq
                0x20000008        0x1 ./Drivers/STM32F4xx_HAL_Driver/Src/stm32f4xx_hal.o
                0x20000008                uwTickFreq
 *fill*         0x20000009        0x3 
 .data.uwTickPrio
                0x2000000c        0x4 ./Drivers/STM32F4xx_HAL_Driver/Src/stm32f4xx_hal.o
                0x2000000c                uwTickPrio
 *(.RamFunc)
 *(.RamFunc*)
                0x20000010                . = ALIGN (0x4)
                0x20000010                _edata = .
                0x08003dec                _siccmram = LOADADDR (.ccmram)

.igot.plt       0x20000010        0x0 load address 0x08003dec
 .igot.plt      0x20000010        0x0 c:/program files (x86)/gnu tools arm embedded/9 2019-q4-major/bin/../lib/gcc/arm-none-eabi/9.2.1/thumb/v7e-m+fp/hard/crtbegin.o

.ccmram         0x10000000        0x0 load address 0x08003dec
                0x10000000                . = ALIGN (0x4)
                0x10000000                _sccmram = .
 *(.ccmram)
 *(.ccmram*)
                0x10000000                . = ALIGN (0x4)
                0x10000000                _eccmram = .
                0x10000000                . = ALIGN (0x4)

.bss            0x20000010     0x5854
                0x20000010                _sbss = .
                0x20000010                __bss_start__ = _sbss
 *(.bss)
 .bss           0x20000010       0x1c c:/program files (x86)/gnu tools arm embedded/9 2019-q4-major/bin/../lib/gcc/arm-none-eabi/9.2.1/thumb/v7e-m+fp/hard/crtbegin.o
 *(.bss*)
 .bss.HAL_RCC_CAN1_CLK_ENABLED
                0x2000002c        0x4 ./Core/Src/can.o
 .bss.buf_ptr   0x20000030        0x1 ./Core/Src/lcd.o
                0x20000030                buf_ptr
 .bss.col_shift
                0x20000031        0x1 ./Core/Src/lcd.o
 .bss.curr_bg_color
                0x20000032        0x2 ./Core/Src/lcd.o
                0x20000032                curr_bg_color
 .bss.curr_highlight_color
                0x20000034        0x2 ./Core/Src/lcd.o
                0x20000034                curr_highlight_color
 .bss.curr_text_color
                0x20000036        0x2 ./Core/Src/lcd.o
                0x20000036                curr_text_color
 .bss.curr_text_color_sp
                0x20000038        0x2 ./Core/Src/lcd.o
                0x20000038                curr_text_color_sp
 .bss.default_tft_screens
                0x2000003a      0x642 ./Core/Src/lcd.o
                0x2000003a                default_tft_screens
 .bss.last_update.10162
                0x2000067c        0x4 ./Core/Src/lcd.o
 .bss.row_shift
                0x20000680        0x1 ./Core/Src/lcd.o
 .bss.tft_dma_bufs
                0x20000681     0x5000 ./Core/Src/lcd.o
 .bss.tft_orientation
                0x20005681        0x1 ./Core/Src/lcd.o
                0x20005681                tft_orientation
 *(COMMON)
 *fill*         0x20005682        0x2 
 COMMON         0x20005684       0x50 ./Core/Src/can.o
                0x20005684                hcan2
                0x200056ac                hcan1
 COMMON         0x200056d4        0x2 ./Core/Src/lcd.o
                0x200056d4                char_max_y
                0x200056d5                char_max_x
 *fill*         0x200056d6        0x2 
 COMMON         0x200056d8       0xb8 ./Core/Src/spi.o
                0x200056d8                hspi1
                0x20005730                hdma_spi1_tx
 COMMON         0x20005790       0x48 ./Core/Src/tim.o
                0x20005790                htim5
 COMMON         0x200057d8       0x88 ./Core/Src/usart.o
                0x200057d8                huart1
                0x2000581c                huart2
 COMMON         0x20005860        0x4 ./Drivers/STM32F4xx_HAL_Driver/Src/stm32f4xx_hal.o
                0x20005860                uwTick
                0x20005864                . = ALIGN (0x4)
                0x20005864                _ebss = .
                0x20005864                __bss_end__ = _ebss

._user_heap_stack
                0x20005864      0x604
                0x20005868                . = ALIGN (0x8)
 *fill*         0x20005864        0x4 
                [!provide]                PROVIDE (end = .)
                0x20005868                PROVIDE (_end = .)
                0x20005a68                . = (. + _Min_Heap_Size)
 *fill*         0x20005868      0x200 
                0x20005e68                . = (. + _Min_Stack_Size)
 *fill*         0x20005a68      0x400 
                0x20005e68                . = ALIGN (0x8)

/DISCARD/
 libc.a(*)
 libm.a(*)
 libgcc.a(*)

.ARM.attributes
                0x00000000       0x30
 *(.ARM.attributes)
 .ARM.attributes
                0x00000000       0x1e c:/program files (x86)/gnu tools arm embedded/9 2019-q4-major/bin/../lib/gcc/arm-none-eabi/9.2.1/thumb/v7e-m+fp/hard/crti.o
 .ARM.attributes
                0x0000001e       0x34 c:/program files (x86)/gnu tools arm embedded/9 2019-q4-major/bin/../lib/gcc/arm-none-eabi/9.2.1/thumb/v7e-m+fp/hard/crtbegin.o
 .ARM.attributes
                0x00000052       0x34 ./Core/Src/can.o
 .ARM.attributes
                0x00000086       0x34 ./Core/Src/dma.o
 .ARM.attributes
                0x000000ba       0x34 ./Core/Src/gpio.o
 .ARM.attributes
                0x000000ee       0x34 ./Core/Src/lcd.o
 .ARM.attributes
                0x00000122       0x34 ./Core/Src/main.o
 .ARM.attributes
                0x00000156       0x34 ./Core/Src/spi.o
 .ARM.attributes
                0x0000018a       0x34 ./Core/Src/stm32f4xx_hal_msp.o
 .ARM.attributes
                0x000001be       0x34 ./Core/Src/stm32f4xx_it.o
 .ARM.attributes
                0x000001f2       0x34 ./Core/Src/system_stm32f4xx.o
 .ARM.attributes
                0x00000226       0x34 ./Core/Src/tim.o
 .ARM.attributes
                0x0000025a       0x34 ./Core/Src/tutorial2_hw.o
 .ARM.attributes
                0x0000028e       0x34 ./Core/Src/usart.o
 .ARM.attributes
                0x000002c2       0x21 ./Core/Startup/startup_stm32f405rgtx.o
 .ARM.attributes
                0x000002e3       0x34 ./Drivers/STM32F4xx_HAL_Driver/Src/stm32f4xx_hal.o
 .ARM.attributes
                0x00000317       0x34 ./Drivers/STM32F4xx_HAL_Driver/Src/stm32f4xx_hal_can.o
 .ARM.attributes
                0x0000034b       0x34 ./Drivers/STM32F4xx_HAL_Driver/Src/stm32f4xx_hal_cortex.o
 .ARM.attributes
                0x0000037f       0x34 ./Drivers/STM32F4xx_HAL_Driver/Src/stm32f4xx_hal_dma.o
 .ARM.attributes
                0x000003b3       0x34 ./Drivers/STM32F4xx_HAL_Driver/Src/stm32f4xx_hal_gpio.o
 .ARM.attributes
                0x000003e7       0x34 ./Drivers/STM32F4xx_HAL_Driver/Src/stm32f4xx_hal_rcc.o
 .ARM.attributes
                0x0000041b       0x34 ./Drivers/STM32F4xx_HAL_Driver/Src/stm32f4xx_hal_spi.o
 .ARM.attributes
                0x0000044f       0x34 ./Drivers/STM32F4xx_HAL_Driver/Src/stm32f4xx_hal_tim.o
 .ARM.attributes
                0x00000483       0x34 ./Drivers/STM32F4xx_HAL_Driver/Src/stm32f4xx_hal_tim_ex.o
 .ARM.attributes
                0x000004b7       0x34 ./Drivers/STM32F4xx_HAL_Driver/Src/stm32f4xx_hal_uart.o
 .ARM.attributes
                0x000004eb       0x34 c:/program files (x86)/gnu tools arm embedded/9 2019-q4-major/bin/../lib/gcc/arm-none-eabi/9.2.1/../../../../arm-none-eabi/lib/thumb/v7e-m+fp/hard\libc_nano.a(lib_a-init.o)
 .ARM.attributes
                0x0000051f       0x34 c:/program files (x86)/gnu tools arm embedded/9 2019-q4-major/bin/../lib/gcc/arm-none-eabi/9.2.1/../../../../arm-none-eabi/lib/thumb/v7e-m+fp/hard\libc_nano.a(lib_a-memset.o)
 .ARM.attributes
                0x00000553       0x1e c:/program files (x86)/gnu tools arm embedded/9 2019-q4-major/bin/../lib/gcc/arm-none-eabi/9.2.1/thumb/v7e-m+fp/hard\libgcc.a(_aeabi_uldivmod.o)
 .ARM.attributes
                0x00000571       0x34 c:/program files (x86)/gnu tools arm embedded/9 2019-q4-major/bin/../lib/gcc/arm-none-eabi/9.2.1/thumb/v7e-m+fp/hard\libgcc.a(_udivmoddi4.o)
 .ARM.attributes
                0x000005a5       0x1e c:/program files (x86)/gnu tools arm embedded/9 2019-q4-major/bin/../lib/gcc/arm-none-eabi/9.2.1/thumb/v7e-m+fp/hard\libgcc.a(_dvmd_tls.o)
 .ARM.attributes
                0x000005c3       0x1e c:/program files (x86)/gnu tools arm embedded/9 2019-q4-major/bin/../lib/gcc/arm-none-eabi/9.2.1/thumb/v7e-m+fp/hard/crtn.o
OUTPUT(SW Tutorial 2021.elf elf32-littlearm)

.comment        0x00000000       0x79
 .comment       0x00000000       0x79 ./Core/Src/can.o
                                 0x7a (size before relaxing)
 .comment       0x00000079       0x7a ./Core/Src/dma.o
 .comment       0x00000079       0x7a ./Core/Src/gpio.o
 .comment       0x00000079       0x7a ./Core/Src/lcd.o
 .comment       0x00000079       0x7a ./Core/Src/main.o
 .comment       0x00000079       0x7a ./Core/Src/spi.o
 .comment       0x00000079       0x7a ./Core/Src/stm32f4xx_hal_msp.o
 .comment       0x00000079       0x7a ./Core/Src/stm32f4xx_it.o
 .comment       0x00000079       0x7a ./Core/Src/system_stm32f4xx.o
 .comment       0x00000079       0x7a ./Core/Src/tim.o
 .comment       0x00000079       0x7a ./Core/Src/tutorial2_hw.o
 .comment       0x00000079       0x7a ./Core/Src/usart.o
 .comment       0x00000079       0x7a ./Drivers/STM32F4xx_HAL_Driver/Src/stm32f4xx_hal.o
 .comment       0x00000079       0x7a ./Drivers/STM32F4xx_HAL_Driver/Src/stm32f4xx_hal_can.o
 .comment       0x00000079       0x7a ./Drivers/STM32F4xx_HAL_Driver/Src/stm32f4xx_hal_cortex.o
 .comment       0x00000079       0x7a ./Drivers/STM32F4xx_HAL_Driver/Src/stm32f4xx_hal_dma.o
 .comment       0x00000079       0x7a ./Drivers/STM32F4xx_HAL_Driver/Src/stm32f4xx_hal_gpio.o
 .comment       0x00000079       0x7a ./Drivers/STM32F4xx_HAL_Driver/Src/stm32f4xx_hal_rcc.o
 .comment       0x00000079       0x7a ./Drivers/STM32F4xx_HAL_Driver/Src/stm32f4xx_hal_spi.o
 .comment       0x00000079       0x7a ./Drivers/STM32F4xx_HAL_Driver/Src/stm32f4xx_hal_tim.o
 .comment       0x00000079       0x7a ./Drivers/STM32F4xx_HAL_Driver/Src/stm32f4xx_hal_tim_ex.o
 .comment       0x00000079       0x7a ./Drivers/STM32F4xx_HAL_Driver/Src/stm32f4xx_hal_uart.o

.debug_frame    0x00000000       0xac
 .debug_frame   0x00000000       0x2c c:/program files (x86)/gnu tools arm embedded/9 2019-q4-major/bin/../lib/gcc/arm-none-eabi/9.2.1/../../../../arm-none-eabi/lib/thumb/v7e-m+fp/hard\libc_nano.a(lib_a-init.o)
 .debug_frame   0x0000002c       0x20 c:/program files (x86)/gnu tools arm embedded/9 2019-q4-major/bin/../lib/gcc/arm-none-eabi/9.2.1/../../../../arm-none-eabi/lib/thumb/v7e-m+fp/hard\libc_nano.a(lib_a-memset.o)
 .debug_frame   0x0000004c       0x2c c:/program files (x86)/gnu tools arm embedded/9 2019-q4-major/bin/../lib/gcc/arm-none-eabi/9.2.1/thumb/v7e-m+fp/hard\libgcc.a(_aeabi_uldivmod.o)
 .debug_frame   0x00000078       0x34 c:/program files (x86)/gnu tools arm embedded/9 2019-q4-major/bin/../lib/gcc/arm-none-eabi/9.2.1/thumb/v7e-m+fp/hard\libgcc.a(_udivmoddi4.o)
