Archive member included to satisfy reference by file (symbol)

c:/program files (x86)/gnu tools arm embedded/9 2019-q4-major/bin/../lib/gcc/arm-none-eabi/9.2.1/../../../../arm-none-eabi/lib/thumb/v7e-m+fp/hard\libc_nano.a(lib_a-errno.o)
                              ./Core/Src/syscalls.o (__errno)
c:/program files (x86)/gnu tools arm embedded/9 2019-q4-major/bin/../lib/gcc/arm-none-eabi/9.2.1/../../../../arm-none-eabi/lib/thumb/v7e-m+fp/hard\libc_nano.a(lib_a-exit.o)
                              c:/program files (x86)/gnu tools arm embedded/9 2019-q4-major/bin/../lib/gcc/arm-none-eabi/9.2.1/../../../../arm-none-eabi/lib/thumb/v7e-m+fp/hard/crt0.o (exit)
c:/program files (x86)/gnu tools arm embedded/9 2019-q4-major/bin/../lib/gcc/arm-none-eabi/9.2.1/../../../../arm-none-eabi/lib/thumb/v7e-m+fp/hard\libc_nano.a(lib_a-impure.o)
                              c:/program files (x86)/gnu tools arm embedded/9 2019-q4-major/bin/../lib/gcc/arm-none-eabi/9.2.1/../../../../arm-none-eabi/lib/thumb/v7e-m+fp/hard\libc_nano.a(lib_a-exit.o) (_global_impure_ptr)
c:/program files (x86)/gnu tools arm embedded/9 2019-q4-major/bin/../lib/gcc/arm-none-eabi/9.2.1/../../../../arm-none-eabi/lib/thumb/v7e-m+fp/hard\libc_nano.a(lib_a-init.o)
                              c:/program files (x86)/gnu tools arm embedded/9 2019-q4-major/bin/../lib/gcc/arm-none-eabi/9.2.1/../../../../arm-none-eabi/lib/thumb/v7e-m+fp/hard/crt0.o (__libc_init_array)
c:/program files (x86)/gnu tools arm embedded/9 2019-q4-major/bin/../lib/gcc/arm-none-eabi/9.2.1/../../../../arm-none-eabi/lib/thumb/v7e-m+fp/hard\libc_nano.a(lib_a-memset.o)
                              c:/program files (x86)/gnu tools arm embedded/9 2019-q4-major/bin/../lib/gcc/arm-none-eabi/9.2.1/../../../../arm-none-eabi/lib/thumb/v7e-m+fp/hard/crt0.o (memset)
c:/program files (x86)/gnu tools arm embedded/9 2019-q4-major/bin/../lib/gcc/arm-none-eabi/9.2.1/thumb/v7e-m+fp/hard\libgcc.a(_aeabi_uldivmod.o)
                              ./Drivers/STM32F4xx_HAL_Driver/Src/stm32f4xx_hal_rcc.o (__aeabi_uldivmod)
c:/program files (x86)/gnu tools arm embedded/9 2019-q4-major/bin/../lib/gcc/arm-none-eabi/9.2.1/thumb/v7e-m+fp/hard\libgcc.a(_udivmoddi4.o)
                              c:/program files (x86)/gnu tools arm embedded/9 2019-q4-major/bin/../lib/gcc/arm-none-eabi/9.2.1/thumb/v7e-m+fp/hard\libgcc.a(_aeabi_uldivmod.o) (__udivmoddi4)
c:/program files (x86)/gnu tools arm embedded/9 2019-q4-major/bin/../lib/gcc/arm-none-eabi/9.2.1/thumb/v7e-m+fp/hard\libgcc.a(_dvmd_tls.o)
                              c:/program files (x86)/gnu tools arm embedded/9 2019-q4-major/bin/../lib/gcc/arm-none-eabi/9.2.1/thumb/v7e-m+fp/hard\libgcc.a(_aeabi_uldivmod.o) (__aeabi_ldiv0)

Allocating common symbols
Common symbol       size              file

hi2c2               0x54              ./Core/Src/i2c.o
uwTick              0x4               ./Drivers/STM32F4xx_HAL_Driver/Src/stm32f4xx_hal.o
pFlash              0x20              ./Drivers/STM32F4xx_HAL_Driver/Src/stm32f4xx_hal_flash.o
htim5               0x48              ./Core/Src/tim.o
hcan2               0x28              ./Core/Src/can.o
huart1              0x44              ./Core/Src/usart.o
hspi1               0x58              ./Core/Src/spi.o
huart2              0x44              ./Core/Src/usart.o
hcan1               0x28              ./Core/Src/can.o
hdma_spi1_tx        0x60              ./Core/Src/spi.o

Discarded input sections

 .text          0x00000000        0x0 c:/program files (x86)/gnu tools arm embedded/9 2019-q4-major/bin/../lib/gcc/arm-none-eabi/9.2.1/thumb/v7e-m+fp/hard/crti.o
 .data          0x00000000        0x0 c:/program files (x86)/gnu tools arm embedded/9 2019-q4-major/bin/../lib/gcc/arm-none-eabi/9.2.1/thumb/v7e-m+fp/hard/crti.o
 .bss           0x00000000        0x0 c:/program files (x86)/gnu tools arm embedded/9 2019-q4-major/bin/../lib/gcc/arm-none-eabi/9.2.1/thumb/v7e-m+fp/hard/crti.o
 .data          0x00000000        0x4 c:/program files (x86)/gnu tools arm embedded/9 2019-q4-major/bin/../lib/gcc/arm-none-eabi/9.2.1/thumb/v7e-m+fp/hard/crtbegin.o
 .text          0x00000000       0x74 c:/program files (x86)/gnu tools arm embedded/9 2019-q4-major/bin/../lib/gcc/arm-none-eabi/9.2.1/../../../../arm-none-eabi/lib/thumb/v7e-m+fp/hard/crt0.o
 .data          0x00000000        0x0 c:/program files (x86)/gnu tools arm embedded/9 2019-q4-major/bin/../lib/gcc/arm-none-eabi/9.2.1/../../../../arm-none-eabi/lib/thumb/v7e-m+fp/hard/crt0.o
 .bss           0x00000000        0x0 c:/program files (x86)/gnu tools arm embedded/9 2019-q4-major/bin/../lib/gcc/arm-none-eabi/9.2.1/../../../../arm-none-eabi/lib/thumb/v7e-m+fp/hard/crt0.o
 .ARM.extab     0x00000000        0x0 c:/program files (x86)/gnu tools arm embedded/9 2019-q4-major/bin/../lib/gcc/arm-none-eabi/9.2.1/../../../../arm-none-eabi/lib/thumb/v7e-m+fp/hard/crt0.o
[...]
Memory Configuration

Name             Origin             Length             Attributes
CCMRAM           0x10000000         0x00010000         xrw
RAM              0x20000000         0x00020000         xrw
FLASH            0x08000000         0x00100000         xr
*default*        0x00000000         0xffffffff

Linker script and memory map

LOAD c:/program files (x86)/gnu tools arm embedded/9 2019-q4-major/bin/../lib/gcc/arm-none-eabi/9.2.1/thumb/v7e-m+fp/hard/crti.o
LOAD c:/program files (x86)/gnu tools arm embedded/9 2019-q4-major/bin/../lib/gcc/arm-none-eabi/9.2.1/thumb/v7e-m+fp/hard/crtbegin.o
LOAD c:/program files (x86)/gnu tools arm embedded/9 2019-q4-major/bin/../lib/gcc/arm-none-eabi/9.2.1/../../../../arm-none-eabi/lib/thumb/v7e-m+fp/hard/crt0.o
LOAD ./Core/Src/can.o
LOAD ./Core/Src/dma.o
LOAD ./Core/Src/gpio.o
LOAD ./Core/Src/i2c.o
LOAD ./Core/Src/main.o
LOAD ./Core/Src/spi.o
LOAD ./Core/Src/stm32f4xx_hal_msp.o
LOAD ./Core/Src/stm32f4xx_it.o
LOAD ./Core/Src/syscalls.o
LOAD ./Core/Src/sysmem.o
LOAD ./Core/Src/system_stm32f4xx.o
LOAD ./Core/Src/tim.o
LOAD ./Core/Src/usart.o
LOAD ./Core/Startup/startup_stm32f405rgtx.o
LOAD ./Drivers/STM32F4xx_HAL_Driver/Src/stm32f4xx_hal.o
LOAD ./Drivers/STM32F4xx_HAL_Driver/Src/stm32f4xx_hal_can.o
LOAD ./Drivers/STM32F4xx_HAL_Driver/Src/stm32f4xx_hal_cortex.o
LOAD ./Drivers/STM32F4xx_HAL_Driver/Src/stm32f4xx_hal_dma.o
LOAD ./Drivers/STM32F4xx_HAL_Driver/Src/stm32f4xx_hal_dma_ex.o
LOAD ./Drivers/STM32F4xx_HAL_Driver/Src/stm32f4xx_hal_exti.o
LOAD ./Drivers/STM32F4xx_HAL_Driver/Src/stm32f4xx_hal_flash.o
LOAD ./Drivers/STM32F4xx_HAL_Driver/Src/stm32f4xx_hal_flash_ex.o
LOAD ./Drivers/STM32F4xx_HAL_Driver/Src/stm32f4xx_hal_flash_ramfunc.o
LOAD ./Drivers/STM32F4xx_HAL_Driver/Src/stm32f4xx_hal_gpio.o
LOAD ./Drivers/STM32F4xx_HAL_Driver/Src/stm32f4xx_hal_i2c.o
LOAD ./Drivers/STM32F4xx_HAL_Driver/Src/stm32f4xx_hal_i2c_ex.o
LOAD ./Drivers/STM32F4xx_HAL_Driver/Src/stm32f4xx_hal_pwr.o
LOAD ./Drivers/STM32F4xx_HAL_Driver/Src/stm32f4xx_hal_pwr_ex.o
LOAD ./Drivers/STM32F4xx_HAL_Driver/Src/stm32f4xx_hal_rcc.o
LOAD ./Drivers/STM32F4xx_HAL_Driver/Src/stm32f4xx_hal_rcc_ex.o
LOAD ./Drivers/STM32F4xx_HAL_Driver/Src/stm32f4xx_hal_spi.o
LOAD ./Drivers/STM32F4xx_HAL_Driver/Src/stm32f4xx_hal_tim.o
LOAD ./Drivers/STM32F4xx_HAL_Driver/Src/stm32f4xx_hal_tim_ex.o
LOAD ./Drivers/STM32F4xx_HAL_Driver/Src/stm32f4xx_hal_uart.o
START GROUP
LOAD c:/program files (x86)/gnu tools arm embedded/9 2019-q4-major/bin/../lib/gcc/arm-none-eabi/9.2.1/../../../../arm-none-eabi/lib/thumb/v7e-m+fp/hard\libc_nano.a
LOAD c:/program files (x86)/gnu tools arm embedded/9 2019-q4-major/bin/../lib/gcc/arm-none-eabi/9.2.1/../../../../arm-none-eabi/lib/thumb/v7e-m+fp/hard\libm.a
END GROUP
START GROUP
LOAD c:/program files (x86)/gnu tools arm embedded/9 2019-q4-major/bin/../lib/gcc/arm-none-eabi/9.2.1/thumb/v7e-m+fp/hard\libgcc.a
LOAD c:/program files (x86)/gnu tools arm embedded/9 2019-q4-major/bin/../lib/gcc/arm-none-eabi/9.2.1/../../../../arm-none-eabi/lib/thumb/v7e-m+fp/hard\libc_nano.a
END GROUP
START GROUP
LOAD c:/program files (x86)/gnu tools arm embedded/9 2019-q4-major/bin/../lib/gcc/arm-none-eabi/9.2.1/thumb/v7e-m+fp/hard\libgcc.a
LOAD c:/program files (x86)/gnu tools arm embedded/9 2019-q4-major/bin/../lib/gcc/arm-none-eabi/9.2.1/../../../../arm-none-eabi/lib/thumb/v7e-m+fp/hard\libc_nano.a
LOAD c:/program files (x86)/gnu tools arm embedded/9 2019-q4-major/bin/../lib/gcc/arm-none-eabi/9.2.1/../../../../arm-none-eabi/lib/thumb/v7e-m+fp/hard\libnosys.a
END GROUP
START GROUP
LOAD c:/program files (x86)/gnu tools arm embedded/9 2019-q4-major/bin/../lib/gcc/arm-none-eabi/9.2.1/thumb/v7e-m+fp/hard\libgcc.a
LOAD c:/program files (x86)/gnu tools arm embedded/9 2019-q4-major/bin/../lib/gcc/arm-none-eabi/9.2.1/../../../../arm-none-eabi/lib/thumb/v7e-m+fp/hard\libc_nano.a
LOAD c:/program files (x86)/gnu tools arm embedded/9 2019-q4-major/bin/../lib/gcc/arm-none-eabi/9.2.1/../../../../arm-none-eabi/lib/thumb/v7e-m+fp/hard\libnosys.a
END GROUP
LOAD c:/program files (x86)/gnu tools arm embedded/9 2019-q4-major/bin/../lib/gcc/arm-none-eabi/9.2.1/thumb/v7e-m+fp/hard/crtend.o
LOAD c:/program files (x86)/gnu tools arm embedded/9 2019-q4-major/bin/../lib/gcc/arm-none-eabi/9.2.1/thumb/v7e-m+fp/hard/crtn.o
                0x20020000                _estack = (ORIGIN (RAM) + LENGTH (RAM))
                0x00000200                _Min_Heap_Size = 0x200
                0x00000400                _Min_Stack_Size = 0x400

.isr_vector     0x08000000      0x188
                0x08000000                . = ALIGN (0x4)
 *(.isr_vector)
 .isr_vector    0x08000000      0x188 ./Core/Startup/startup_stm32f405rgtx.o
                0x08000000                g_pfnVectors
                0x08000188                . = ALIGN (0x4)

.text           0x08000188     0x3744
                0x08000188                . = ALIGN (0x4)
 *(.text)
 .text          0x08000188       0x40 c:/program files (x86)/gnu tools arm embedded/9 2019-q4-major/bin/../lib/gcc/arm-none-eabi/9.2.1/thumb/v7e-m+fp/hard/crtbegin.o
 .text          0x080001c8       0x30 c:/program files (x86)/gnu tools arm embedded/9 2019-q4-major/bin/../lib/gcc/arm-none-eabi/9.2.1/thumb/v7e-m+fp/hard\libgcc.a(_aeabi_uldivmod.o)
                0x080001c8                __aeabi_uldivmod
 .text          0x080001f8      0x2c4 c:/program files (x86)/gnu tools arm embedded/9 2019-q4-major/bin/../lib/gcc/arm-none-eabi/9.2.1/thumb/v7e-m+fp/hard\libgcc.a(_udivmoddi4.o)
                0x080001f8                __udivmoddi4
 .text          0x080004bc        0x4 c:/program files (x86)/gnu tools arm embedded/9 2019-q4-major/bin/../lib/gcc/arm-none-eabi/9.2.1/thumb/v7e-m+fp/hard\libgcc.a(_dvmd_tls.o)
                0x080004bc                __aeabi_idiv0
                0x080004bc                __aeabi_ldiv0
 *(.text*)
 .text.MX_CAN1_Init
                0x080004c0       0x6c ./Core/Src/can.o
                0x080004c0                MX_CAN1_Init
 .text.MX_CAN2_Init
                0x0800052c       0x6c ./Core/Src/can.o
                0x0800052c                MX_CAN2_Init
 .text.HAL_CAN_MspInit
                0x08000598      0x144 ./Core/Src/can.o
                0x08000598                HAL_CAN_MspInit
 .text.MX_DMA_Init
                0x080006dc       0x40 ./Core/Src/dma.o
                0x080006dc                MX_DMA_Init
 .text.MX_GPIO_Init
                0x0800071c      0x1c8 ./Core/Src/gpio.o
                0x0800071c                MX_GPIO_Init
 .text.main     0x080008e4       0x3c ./Core/Src/main.o
                0x080008e4                main
 .text.SystemClock_Config
                0x08000920       0xd4 ./Core/Src/main.o
                0x08000920                SystemClock_Config
 .text.Error_Handler
                0x080009f4        0xa ./Core/Src/main.o
                0x080009f4                Error_Handler
 *fill*         0x080009fe        0x2 
 .text.HAL_MspInit
                0x08000a00       0x50 ./Core/Src/stm32f4xx_hal_msp.o
                0x08000a00                HAL_MspInit
 .text.NMI_Handler
                0x08000a50        0x6 ./Core/Src/stm32f4xx_it.o
                0x08000a50                NMI_Handler
 .text.HardFault_Handler
                0x08000a56        0x6 ./Core/Src/stm32f4xx_it.o
                0x08000a56                HardFault_Handler
 .text.MemManage_Handler
                0x08000a5c        0x6 ./Core/Src/stm32f4xx_it.o
                0x08000a5c                MemManage_Handler
 .text.BusFault_Handler
                0x08000a62        0x6 ./Core/Src/stm32f4xx_it.o
                0x08000a62                BusFault_Handler
 .text.UsageFault_Handler
                0x08000a68        0x6 ./Core/Src/stm32f4xx_it.o
                0x08000a68                UsageFault_Handler
 .text.SVC_Handler
                0x08000a6e        0xe ./Core/Src/stm32f4xx_it.o
                0x08000a6e                SVC_Handler
 .text.DebugMon_Handler
                0x08000a7c        0xe ./Core/Src/stm32f4xx_it.o
                0x08000a7c                DebugMon_Handler
 .text.PendSV_Handler
                0x08000a8a        0xe ./Core/Src/stm32f4xx_it.o
                0x08000a8a                PendSV_Handler
 .text.SysTick_Handler
                0x08000a98        0xc ./Core/Src/stm32f4xx_it.o
                0x08000a98                SysTick_Handler
 .text.SPI1_IRQHandler
                0x08000aa4       0x14 ./Core/Src/stm32f4xx_it.o
                0x08000aa4                SPI1_IRQHandler
 .text.EXTI15_10_IRQHandler
                0x08000ab8       0x10 ./Core/Src/stm32f4xx_it.o
                0x08000ab8                EXTI15_10_IRQHandler
 .text.TIM5_IRQHandler
                0x08000ac8       0x14 ./Core/Src/stm32f4xx_it.o
                0x08000ac8                TIM5_IRQHandler
 .text.DMA2_Stream3_IRQHandler
                0x08000adc       0x14 ./Core/Src/stm32f4xx_it.o
                0x08000adc                DMA2_Stream3_IRQHandler
 .text.SystemInit
                0x08000af0       0x24 ./Core/Src/system_stm32f4xx.o
                0x08000af0                SystemInit
 .text.MX_TIM5_Init
                0x08000b14       0xec ./Core/Src/tim.o
                0x08000b14                MX_TIM5_Init
 .text.HAL_TIM_Base_MspInit
                0x08000c00       0x50 ./Core/Src/tim.o
                0x08000c00                HAL_TIM_Base_MspInit
 .text.HAL_TIM_MspPostInit
                0x08000c50       0x74 ./Core/Src/tim.o
                0x08000c50                HAL_TIM_MspPostInit
 .text.MX_USART1_UART_Init
                0x08000cc4       0x54 ./Core/Src/usart.o
                0x08000cc4                MX_USART1_UART_Init
 .text.MX_USART2_UART_Init
                0x08000d18       0x54 ./Core/Src/usart.o
                0x08000d18                MX_USART2_UART_Init
 .text.HAL_UART_MspInit
                0x08000d6c       0xf8 ./Core/Src/usart.o
                0x08000d6c                HAL_UART_MspInit
 .text.Reset_Handler
                0x08000e64       0x50 ./Core/Startup/startup_stm32f405rgtx.o
                0x08000e64                Reset_Handler
 .text.Default_Handler
                0x08000eb4        0x2 ./Core/Startup/startup_stm32f405rgtx.o
                0x08000eb4                RTC_Alarm_IRQHandler
                0x08000eb4                HASH_RNG_IRQHandler
                0x08000eb4                EXTI2_IRQHandler
                0x08000eb4                TIM8_CC_IRQHandler
                0x08000eb4                TIM1_CC_IRQHandler
                0x08000eb4                DMA2_Stream5_IRQHandler
                0x08000eb4                DMA1_Stream5_IRQHandler
                0x08000eb4                PVD_IRQHandler
                0x08000eb4                SDIO_IRQHandler
                0x08000eb4                TAMP_STAMP_IRQHandler
                0x08000eb4                CAN2_RX1_IRQHandler
                0x08000eb4                EXTI3_IRQHandler
                0x08000eb4                TIM8_TRG_COM_TIM14_IRQHandler
                0x08000eb4                TIM1_UP_TIM10_IRQHandler
                0x08000eb4                TIM8_UP_TIM13_IRQHandler
                0x08000eb4                I2C3_ER_IRQHandler
                0x08000eb4                EXTI0_IRQHandler
                0x08000eb4                I2C2_EV_IRQHandler
                0x08000eb4                DMA1_Stream2_IRQHandler
                0x08000eb4                CAN1_RX0_IRQHandler
                0x08000eb4                FPU_IRQHandler
                0x08000eb4                OTG_HS_WKUP_IRQHandler
                0x08000eb4                CAN2_SCE_IRQHandler
                0x08000eb4                DMA2_Stream2_IRQHandler
                0x08000eb4                TIM6_DAC_IRQHandler
                0x08000eb4                TIM1_BRK_TIM9_IRQHandler
                0x08000eb4                CAN2_RX0_IRQHandler
                0x08000eb4                USART6_IRQHandler
                0x08000eb4                USART3_IRQHandler
                0x08000eb4                CAN1_RX1_IRQHandler
                0x08000eb4                UART5_IRQHandler
                0x08000eb4                DMA2_Stream0_IRQHandler
                0x08000eb4                TIM4_IRQHandler
                0x08000eb4                I2C1_EV_IRQHandler
                0x08000eb4                DMA1_Stream6_IRQHandler
                0x08000eb4                DMA1_Stream1_IRQHandler
                0x08000eb4                UART4_IRQHandler
                0x08000eb4                TIM3_IRQHandler
                0x08000eb4                RCC_IRQHandler
                0x08000eb4                TIM8_BRK_TIM12_IRQHandler
                0x08000eb4                Default_Handler
                0x08000eb4                ADC_IRQHandler
                0x08000eb4                DMA1_Stream7_IRQHandler
                0x08000eb4                TIM7_IRQHandler
                0x08000eb4                CAN2_TX_IRQHandler
                0x08000eb4                DMA2_Stream7_IRQHandler
                0x08000eb4                I2C3_EV_IRQHandler
                0x08000eb4                EXTI9_5_IRQHandler
                0x08000eb4                RTC_WKUP_IRQHandler
                0x08000eb4                SPI2_IRQHandler
                0x08000eb4                OTG_HS_EP1_IN_IRQHandler
                0x08000eb4                DMA1_Stream0_IRQHandler
                0x08000eb4                CAN1_TX_IRQHandler
                0x08000eb4                EXTI4_IRQHandler
                0x08000eb4                FSMC_IRQHandler
                0x08000eb4                OTG_HS_EP1_OUT_IRQHandler
                0x08000eb4                WWDG_IRQHandler
                0x08000eb4                TIM2_IRQHandler
                0x08000eb4                OTG_FS_WKUP_IRQHandler
                0x08000eb4                TIM1_TRG_COM_TIM11_IRQHandler
                0x08000eb4                OTG_HS_IRQHandler
                0x08000eb4                EXTI1_IRQHandler
                0x08000eb4                USART2_IRQHandler
                0x08000eb4                I2C2_ER_IRQHandler
                0x08000eb4                DMA2_Stream1_IRQHandler
                0x08000eb4                CAN1_SCE_IRQHandler
                0x08000eb4                FLASH_IRQHandler
                0x08000eb4                DMA2_Stream4_IRQHandler
                0x08000eb4                USART1_IRQHandler
                0x08000eb4                OTG_FS_IRQHandler
                0x08000eb4                SPI3_IRQHandler
                0x08000eb4                DMA1_Stream4_IRQHandler
                0x08000eb4                I2C1_ER_IRQHandler
                0x08000eb4                DMA2_Stream6_IRQHandler
                0x08000eb4                DMA1_Stream3_IRQHandler
 *fill*         0x08000eb6        0x2 
 .text.HAL_Init
                0x08000eb8       0x44 ./Drivers/STM32F4xx_HAL_Driver/Src/stm32f4xx_hal.o
                0x08000eb8                HAL_Init
 .text.HAL_InitTick
                0x08000efc       0x60 ./Drivers/STM32F4xx_HAL_Driver/Src/stm32f4xx_hal.o
                0x08000efc                HAL_InitTick
 .text.HAL_IncTick
                0x08000f5c       0x28 ./Drivers/STM32F4xx_HAL_Driver/Src/stm32f4xx_hal.o
                0x08000f5c                HAL_IncTick
 .text.HAL_GetTick
                0x08000f84       0x18 ./Drivers/STM32F4xx_HAL_Driver/Src/stm32f4xx_hal.o
                0x08000f84                HAL_GetTick
 .text.HAL_Delay
                0x08000f9c       0x48 ./Drivers/STM32F4xx_HAL_Driver/Src/stm32f4xx_hal.o
                0x08000f9c                HAL_Delay
 .text.HAL_CAN_Init
                0x08000fe4      0x1f6 ./Drivers/STM32F4xx_HAL_Driver/Src/stm32f4xx_hal_can.o
                0x08000fe4                HAL_CAN_Init
 *fill*         0x080011da        0x2 
 .text.__NVIC_SetPriorityGrouping
                0x080011dc       0x48 ./Drivers/STM32F4xx_HAL_Driver/Src/stm32f4xx_hal_cortex.o
 .text.__NVIC_GetPriorityGrouping
                0x08001224       0x1c ./Drivers/STM32F4xx_HAL_Driver/Src/stm32f4xx_hal_cortex.o
 .text.__NVIC_EnableIRQ
                0x08001240       0x3c ./Drivers/STM32F4xx_HAL_Driver/Src/stm32f4xx_hal_cortex.o
 .text.__NVIC_SetPriority
                0x0800127c       0x54 ./Drivers/STM32F4xx_HAL_Driver/Src/stm32f4xx_hal_cortex.o
 .text.NVIC_EncodePriority
                0x080012d0       0x66 ./Drivers/STM32F4xx_HAL_Driver/Src/stm32f4xx_hal_cortex.o
 *fill*         0x08001336        0x2 
 .text.SysTick_Config
                0x08001338       0x44 ./Drivers/STM32F4xx_HAL_Driver/Src/stm32f4xx_hal_cortex.o
 .text.HAL_NVIC_SetPriorityGrouping
                0x0800137c       0x16 ./Drivers/STM32F4xx_HAL_Driver/Src/stm32f4xx_hal_cortex.o
                0x0800137c                HAL_NVIC_SetPriorityGrouping
 .text.HAL_NVIC_SetPriority
                0x08001392       0x38 ./Drivers/STM32F4xx_HAL_Driver/Src/stm32f4xx_hal_cortex.o
                0x08001392                HAL_NVIC_SetPriority
 .text.HAL_NVIC_EnableIRQ
                0x080013ca       0x1c ./Drivers/STM32F4xx_HAL_Driver/Src/stm32f4xx_hal_cortex.o
                0x080013ca                HAL_NVIC_EnableIRQ
 .text.HAL_SYSTICK_Config
                0x080013e6       0x18 ./Drivers/STM32F4xx_HAL_Driver/Src/stm32f4xx_hal_cortex.o
                0x080013e6                HAL_SYSTICK_Config
 .text.HAL_DMA_Abort_IT
                0x080013fe       0x44 ./Drivers/STM32F4xx_HAL_Driver/Src/stm32f4xx_hal_dma.o
                0x080013fe                HAL_DMA_Abort_IT
 *fill*         0x08001442        0x2 
 .text.HAL_DMA_IRQHandler
                0x08001444      0x314 ./Drivers/STM32F4xx_HAL_Driver/Src/stm32f4xx_hal_dma.o
                0x08001444                HAL_DMA_IRQHandler
 .text.HAL_GPIO_Init
                0x08001758      0x338 ./Drivers/STM32F4xx_HAL_Driver/Src/stm32f4xx_hal_gpio.o
                0x08001758                HAL_GPIO_Init
 .text.HAL_GPIO_WritePin
                0x08001a90       0x32 ./Drivers/STM32F4xx_HAL_Driver/Src/stm32f4xx_hal_gpio.o
                0x08001a90                HAL_GPIO_WritePin
 .text.HAL_GPIO_TogglePin
                0x08001ac2       0x34 ./Drivers/STM32F4xx_HAL_Driver/Src/stm32f4xx_hal_gpio.o
                0x08001ac2                HAL_GPIO_TogglePin
 *fill*         0x08001af6        0x2 
 .text.HAL_GPIO_EXTI_IRQHandler
                0x08001af8       0x30 ./Drivers/STM32F4xx_HAL_Driver/Src/stm32f4xx_hal_gpio.o
                0x08001af8                HAL_GPIO_EXTI_IRQHandler
 .text.HAL_GPIO_EXTI_Callback
                0x08001b28       0x16 ./Drivers/STM32F4xx_HAL_Driver/Src/stm32f4xx_hal_gpio.o
                0x08001b28                HAL_GPIO_EXTI_Callback
 *fill*         0x08001b3e        0x2 
 .text.HAL_RCC_OscConfig
                0x08001b40      0x4f0 ./Drivers/STM32F4xx_HAL_Driver/Src/stm32f4xx_hal_rcc.o
                0x08001b40                HAL_RCC_OscConfig
 .text.HAL_RCC_ClockConfig
                0x08002030      0x1cc ./Drivers/STM32F4xx_HAL_Driver/Src/stm32f4xx_hal_rcc.o
                0x08002030                HAL_RCC_ClockConfig
 .text.HAL_RCC_GetSysClockFreq
                0x080021fc      0x1c4 ./Drivers/STM32F4xx_HAL_Driver/Src/stm32f4xx_hal_rcc.o
                0x080021fc                HAL_RCC_GetSysClockFreq
 .text.HAL_RCC_GetHCLKFreq
                0x080023c0       0x18 ./Drivers/STM32F4xx_HAL_Driver/Src/stm32f4xx_hal_rcc.o
                0x080023c0                HAL_RCC_GetHCLKFreq
 .text.HAL_RCC_GetPCLK1Freq
                0x080023d8       0x28 ./Drivers/STM32F4xx_HAL_Driver/Src/stm32f4xx_hal_rcc.o
                0x080023d8                HAL_RCC_GetPCLK1Freq
 .text.HAL_RCC_GetPCLK2Freq
                0x08002400       0x28 ./Drivers/STM32F4xx_HAL_Driver/Src/stm32f4xx_hal_rcc.o
                0x08002400                HAL_RCC_GetPCLK2Freq
 .text.HAL_SPI_IRQHandler
                0x08002428      0x200 ./Drivers/STM32F4xx_HAL_Driver/Src/stm32f4xx_hal_spi.o
                0x08002428                HAL_SPI_IRQHandler
 .text.HAL_SPI_ErrorCallback
                0x08002628       0x14 ./Drivers/STM32F4xx_HAL_Driver/Src/stm32f4xx_hal_spi.o
                0x08002628                HAL_SPI_ErrorCallback
 .text.SPI_DMAAbortOnError
                0x0800263c       0x28 ./Drivers/STM32F4xx_HAL_Driver/Src/stm32f4xx_hal_spi.o
 .text.HAL_TIM_Base_Init
                0x08002664       0x9e ./Drivers/STM32F4xx_HAL_Driver/Src/stm32f4xx_hal_tim.o
                0x08002664                HAL_TIM_Base_Init
 .text.HAL_TIM_PWM_Init
                0x08002702       0x9e ./Drivers/STM32F4xx_HAL_Driver/Src/stm32f4xx_hal_tim.o
                0x08002702                HAL_TIM_PWM_Init
 .text.HAL_TIM_PWM_MspInit
                0x080027a0       0x14 ./Drivers/STM32F4xx_HAL_Driver/Src/stm32f4xx_hal_tim.o
                0x080027a0                HAL_TIM_PWM_MspInit
 .text.HAL_TIM_IRQHandler
                0x080027b4      0x210 ./Drivers/STM32F4xx_HAL_Driver/Src/stm32f4xx_hal_tim.o
                0x080027b4                HAL_TIM_IRQHandler
 .text.HAL_TIM_PWM_ConfigChannel
                0x080029c4      0x184 ./Drivers/STM32F4xx_HAL_Driver/Src/stm32f4xx_hal_tim.o
                0x080029c4                HAL_TIM_PWM_ConfigChannel
 .text.HAL_TIM_ConfigClockSource
                0x08002b48      0x18e ./Drivers/STM32F4xx_HAL_Driver/Src/stm32f4xx_hal_tim.o
                0x08002b48                HAL_TIM_ConfigClockSource
 .text.HAL_TIM_PeriodElapsedCallback
                0x08002cd6       0x14 ./Drivers/STM32F4xx_HAL_Driver/Src/stm32f4xx_hal_tim.o
                0x08002cd6                HAL_TIM_PeriodElapsedCallback
 .text.HAL_TIM_OC_DelayElapsedCallback
                0x08002cea       0x14 ./Drivers/STM32F4xx_HAL_Driver/Src/stm32f4xx_hal_tim.o
                0x08002cea                HAL_TIM_OC_DelayElapsedCallback
 .text.HAL_TIM_IC_CaptureCallback
                0x08002cfe       0x14 ./Drivers/STM32F4xx_HAL_Driver/Src/stm32f4xx_hal_tim.o
                0x08002cfe                HAL_TIM_IC_CaptureCallback
 .text.HAL_TIM_PWM_PulseFinishedCallback
                0x08002d12       0x14 ./Drivers/STM32F4xx_HAL_Driver/Src/stm32f4xx_hal_tim.o
                0x08002d12                HAL_TIM_PWM_PulseFinishedCallback
 .text.HAL_TIM_TriggerCallback
                0x08002d26       0x14 ./Drivers/STM32F4xx_HAL_Driver/Src/stm32f4xx_hal_tim.o
                0x08002d26                HAL_TIM_TriggerCallback
 *fill*         0x08002d3a        0x2 
 .text.TIM_Base_SetConfig
                0x08002d3c      0x140 ./Drivers/STM32F4xx_HAL_Driver/Src/stm32f4xx_hal_tim.o
                0x08002d3c                TIM_Base_SetConfig
 .text.TIM_OC1_SetConfig
                0x08002e7c       0xe0 ./Drivers/STM32F4xx_HAL_Driver/Src/stm32f4xx_hal_tim.o
 .text.TIM_OC2_SetConfig
                0x08002f5c       0xec ./Drivers/STM32F4xx_HAL_Driver/Src/stm32f4xx_hal_tim.o
                0x08002f5c                TIM_OC2_SetConfig
 .text.TIM_OC3_SetConfig
                0x08003048       0xe8 ./Drivers/STM32F4xx_HAL_Driver/Src/stm32f4xx_hal_tim.o
 .text.TIM_OC4_SetConfig
                0x08003130       0xac ./Drivers/STM32F4xx_HAL_Driver/Src/stm32f4xx_hal_tim.o
 .text.TIM_TI1_ConfigInputStage
                0x080031dc       0x5e ./Drivers/STM32F4xx_HAL_Driver/Src/stm32f4xx_hal_tim.o
 .text.TIM_TI2_ConfigInputStage
                0x0800323a       0x60 ./Drivers/STM32F4xx_HAL_Driver/Src/stm32f4xx_hal_tim.o
 .text.TIM_ITRx_SetConfig
                0x0800329a       0x36 ./Drivers/STM32F4xx_HAL_Driver/Src/stm32f4xx_hal_tim.o
 .text.TIM_ETR_SetConfig
                0x080032d0       0x40 ./Drivers/STM32F4xx_HAL_Driver/Src/stm32f4xx_hal_tim.o
                0x080032d0                TIM_ETR_SetConfig
 .text.HAL_TIMEx_MasterConfigSynchronization
                0x08003310       0xf8 ./Drivers/STM32F4xx_HAL_Driver/Src/stm32f4xx_hal_tim_ex.o
                0x08003310                HAL_TIMEx_MasterConfigSynchronization
 .text.HAL_TIMEx_CommutCallback
                0x08003408       0x14 ./Drivers/STM32F4xx_HAL_Driver/Src/stm32f4xx_hal_tim_ex.o
                0x08003408                HAL_TIMEx_CommutCallback
 .text.HAL_TIMEx_BreakCallback
                0x0800341c       0x14 ./Drivers/STM32F4xx_HAL_Driver/Src/stm32f4xx_hal_tim_ex.o
                0x0800341c                HAL_TIMEx_BreakCallback
 .text.HAL_UART_Init
                0x08003430       0x9a ./Drivers/STM32F4xx_HAL_Driver/Src/stm32f4xx_hal_uart.o
                0x08003430                HAL_UART_Init
 *fill*         0x080034ca        0x2 
 .text.UART_SetConfig
                0x080034cc      0x390 ./Drivers/STM32F4xx_HAL_Driver/Src/stm32f4xx_hal_uart.o
 .text.__libc_init_array
                0x0800385c       0x48 c:/program files (x86)/gnu tools arm embedded/9 2019-q4-major/bin/../lib/gcc/arm-none-eabi/9.2.1/../../../../arm-none-eabi/lib/thumb/v7e-m+fp/hard\libc_nano.a(lib_a-init.o)
                0x0800385c                __libc_init_array
 .text.memset   0x080038a4       0x10 c:/program files (x86)/gnu tools arm embedded/9 2019-q4-major/bin/../lib/gcc/arm-none-eabi/9.2.1/../../../../arm-none-eabi/lib/thumb/v7e-m+fp/hard\libc_nano.a(lib_a-memset.o)
                0x080038a4                memset
 *(.glue_7)
 .glue_7        0x080038b4        0x0 linker stubs
 *(.glue_7t)
 .glue_7t       0x080038b4        0x0 linker stubs
 *(.eh_frame)
 .eh_frame      0x080038b4        0x0 c:/program files (x86)/gnu tools arm embedded/9 2019-q4-major/bin/../lib/gcc/arm-none-eabi/9.2.1/thumb/v7e-m+fp/hard/crtbegin.o
 *(.init)
 .init          0x080038b4        0x4 c:/program files (x86)/gnu tools arm embedded/9 2019-q4-major/bin/../lib/gcc/arm-none-eabi/9.2.1/thumb/v7e-m+fp/hard/crti.o
                0x080038b4                _init
 .init          0x080038b8        0x8 c:/program files (x86)/gnu tools arm embedded/9 2019-q4-major/bin/../lib/gcc/arm-none-eabi/9.2.1/thumb/v7e-m+fp/hard/crtn.o
 *(.fini)
 .fini          0x080038c0        0x4 c:/program files (x86)/gnu tools arm embedded/9 2019-q4-major/bin/../lib/gcc/arm-none-eabi/9.2.1/thumb/v7e-m+fp/hard/crti.o
                0x080038c0                _fini
 .fini          0x080038c4        0x8 c:/program files (x86)/gnu tools arm embedded/9 2019-q4-major/bin/../lib/gcc/arm-none-eabi/9.2.1/thumb/v7e-m+fp/hard/crtn.o
                0x080038cc                . = ALIGN (0x4)
                0x080038cc                _etext = .

.vfp11_veneer   0x080038cc        0x0
 .vfp11_veneer  0x080038cc        0x0 linker stubs

.v4_bx          0x080038cc        0x0
 .v4_bx         0x080038cc        0x0 linker stubs

.iplt           0x080038cc        0x0
 .iplt          0x080038cc        0x0 c:/program files (x86)/gnu tools arm embedded/9 2019-q4-major/bin/../lib/gcc/arm-none-eabi/9.2.1/thumb/v7e-m+fp/hard/crtbegin.o

.rodata         0x080038cc       0x18
                0x080038cc                . = ALIGN (0x4)
 *(.rodata)
 *(.rodata*)
 .rodata.AHBPrescTable
                0x080038cc       0x10 ./Core/Src/system_stm32f4xx.o
                0x080038cc                AHBPrescTable
 .rodata.APBPrescTable
                0x080038dc        0x8 ./Core/Src/system_stm32f4xx.o
                0x080038dc                APBPrescTable
                0x080038e4                . = ALIGN (0x4)

.ARM.extab      0x080038e4        0x0
                0x080038e4                . = ALIGN (0x4)
 *(.ARM.extab* .gnu.linkonce.armextab.*)
                0x080038e4                . = ALIGN (0x4)

.ARM            0x080038e4        0x8
                0x080038e4                . = ALIGN (0x4)
                0x080038e4                __exidx_start = .
 *(.ARM.exidx*)
 .ARM.exidx     0x080038e4        0x8 c:/program files (x86)/gnu tools arm embedded/9 2019-q4-major/bin/../lib/gcc/arm-none-eabi/9.2.1/thumb/v7e-m+fp/hard\libgcc.a(_udivmoddi4.o)
                0x080038ec                __exidx_end = .
                0x080038ec                . = ALIGN (0x4)

.rel.dyn        0x080038ec        0x0
 .rel.iplt      0x080038ec        0x0 c:/program files (x86)/gnu tools arm embedded/9 2019-q4-major/bin/../lib/gcc/arm-none-eabi/9.2.1/thumb/v7e-m+fp/hard/crtbegin.o

.preinit_array  0x080038ec        0x0
                0x080038ec                . = ALIGN (0x4)
                0x080038ec                PROVIDE (__preinit_array_start = .)
 *(.preinit_array*)
                0x080038ec                PROVIDE (__preinit_array_end = .)
                0x080038ec                . = ALIGN (0x4)

.init_array     0x080038ec        0x4
                0x080038ec                . = ALIGN (0x4)
                0x080038ec                PROVIDE (__init_array_start = .)
 *(SORT_BY_NAME(.init_array.*))
 *(.init_array*)
 .init_array    0x080038ec        0x4 c:/program files (x86)/gnu tools arm embedded/9 2019-q4-major/bin/../lib/gcc/arm-none-eabi/9.2.1/thumb/v7e-m+fp/hard/crtbegin.o
                0x080038f0                PROVIDE (__init_array_end = .)
                0x080038f0                . = ALIGN (0x4)

.fini_array     0x080038f0        0x4
                0x080038f0                . = ALIGN (0x4)
                [!provide]                PROVIDE (__fini_array_start = .)
 *(SORT_BY_NAME(.fini_array.*))
 *(.fini_array*)
 .fini_array    0x080038f0        0x4 c:/program files (x86)/gnu tools arm embedded/9 2019-q4-major/bin/../lib/gcc/arm-none-eabi/9.2.1/thumb/v7e-m+fp/hard/crtbegin.o
                [!provide]                PROVIDE (__fini_array_end = .)
                0x080038f4                . = ALIGN (0x4)
                0x080038f4                _sidata = LOADADDR (.data)

.data           0x20000000        0xc load address 0x080038f4
                0x20000000                . = ALIGN (0x4)
                0x20000000                _sdata = .
 *(.data)
 *(.data*)
 .data.SystemCoreClock
                0x20000000        0x4 ./Core/Src/system_stm32f4xx.o
                0x20000000                SystemCoreClock
 .data.uwTickPrio
                0x20000004        0x4 ./Drivers/STM32F4xx_HAL_Driver/Src/stm32f4xx_hal.o
                0x20000004                uwTickPrio
 .data.uwTickFreq
                0x20000008        0x1 ./Drivers/STM32F4xx_HAL_Driver/Src/stm32f4xx_hal.o
                0x20000008                uwTickFreq
 *(.RamFunc)
 *(.RamFunc*)
                0x2000000c                . = ALIGN (0x4)
 *fill*         0x20000009        0x3 
                0x2000000c                _edata = .
                0x08003900                _siccmram = LOADADDR (.ccmram)

.igot.plt       0x2000000c        0x0 load address 0x08003900
 .igot.plt      0x2000000c        0x0 c:/program files (x86)/gnu tools arm embedded/9 2019-q4-major/bin/../lib/gcc/arm-none-eabi/9.2.1/thumb/v7e-m+fp/hard/crtbegin.o

.ccmram         0x10000000        0x0 load address 0x08003900
                0x10000000                . = ALIGN (0x4)
                0x10000000                _sccmram = .
 *(.ccmram)
 *(.ccmram*)
                0x10000000                . = ALIGN (0x4)
                0x10000000                _eccmram = .
                0x10000000                . = ALIGN (0x4)

.bss            0x2000000c      0x1fc
                0x2000000c                _sbss = .
                0x2000000c                __bss_start__ = _sbss
 *(.bss)
 .bss           0x2000000c       0x1c c:/program files (x86)/gnu tools arm embedded/9 2019-q4-major/bin/../lib/gcc/arm-none-eabi/9.2.1/thumb/v7e-m+fp/hard/crtbegin.o
 *(.bss*)
 .bss.HAL_RCC_CAN1_CLK_ENABLED
                0x20000028        0x4 ./Core/Src/can.o
 *(COMMON)
 COMMON         0x2000002c       0x50 ./Core/Src/can.o
                0x2000002c                hcan2
                0x20000054                hcan1
 COMMON         0x2000007c       0xb8 ./Core/Src/spi.o
                0x2000007c                hspi1
                0x200000d4                hdma_spi1_tx
 COMMON         0x20000134       0x48 ./Core/Src/tim.o
                0x20000134                htim5
 COMMON         0x2000017c       0x88 ./Core/Src/usart.o
                0x2000017c                huart1
                0x200001c0                huart2
 COMMON         0x20000204        0x4 ./Drivers/STM32F4xx_HAL_Driver/Src/stm32f4xx_hal.o
                0x20000204                uwTick
                0x20000208                . = ALIGN (0x4)
                0x20000208                _ebss = .
                0x20000208                __bss_end__ = _ebss

._user_heap_stack
                0x20000208      0x600
                0x20000208                . = ALIGN (0x8)
                [!provide]                PROVIDE (end = .)
                0x20000208                PROVIDE (_end = .)
                0x20000408                . = (. + _Min_Heap_Size)
 *fill*         0x20000208      0x200 
                0x20000808                . = (. + _Min_Stack_Size)
 *fill*         0x20000408      0x400 
                0x20000808                . = ALIGN (0x8)

/DISCARD/
 libc.a(*)
 libm.a(*)
 libgcc.a(*)

.ARM.attributes
                0x00000000       0x30
 *(.ARM.attributes)
 .ARM.attributes
                0x00000000       0x1e c:/program files (x86)/gnu tools arm embedded/9 2019-q4-major/bin/../lib/gcc/arm-none-eabi/9.2.1/thumb/v7e-m+fp/hard/crti.o
 .ARM.attributes
                0x0000001e       0x34 c:/program files (x86)/gnu tools arm embedded/9 2019-q4-major/bin/../lib/gcc/arm-none-eabi/9.2.1/thumb/v7e-m+fp/hard/crtbegin.o
 .ARM.attributes
                0x00000052       0x34 ./Core/Src/can.o
 .ARM.attributes
                0x00000086       0x34 ./Core/Src/dma.o
 .ARM.attributes
                0x000000ba       0x34 ./Core/Src/gpio.o
 .ARM.attributes
                0x000000ee       0x34 ./Core/Src/main.o
 .ARM.attributes
                0x00000122       0x34 ./Core/Src/spi.o
 .ARM.attributes
                0x00000156       0x34 ./Core/Src/stm32f4xx_hal_msp.o
 .ARM.attributes
                0x0000018a       0x34 ./Core/Src/stm32f4xx_it.o
 .ARM.attributes
                0x000001be       0x34 ./Core/Src/system_stm32f4xx.o
 .ARM.attributes
                0x000001f2       0x34 ./Core/Src/tim.o
 .ARM.attributes
                0x00000226       0x34 ./Core/Src/usart.o
 .ARM.attributes
                0x0000025a       0x21 ./Core/Startup/startup_stm32f405rgtx.o
 .ARM.attributes
                0x0000027b       0x34 ./Drivers/STM32F4xx_HAL_Driver/Src/stm32f4xx_hal.o
 .ARM.attributes
                0x000002af       0x34 ./Drivers/STM32F4xx_HAL_Driver/Src/stm32f4xx_hal_can.o
 .ARM.attributes
                0x000002e3       0x34 ./Drivers/STM32F4xx_HAL_Driver/Src/stm32f4xx_hal_cortex.o
 .ARM.attributes
                0x00000317       0x34 ./Drivers/STM32F4xx_HAL_Driver/Src/stm32f4xx_hal_dma.o
 .ARM.attributes
                0x0000034b       0x34 ./Drivers/STM32F4xx_HAL_Driver/Src/stm32f4xx_hal_gpio.o
 .ARM.attributes
                0x0000037f       0x34 ./Drivers/STM32F4xx_HAL_Driver/Src/stm32f4xx_hal_rcc.o
 .ARM.attributes
                0x000003b3       0x34 ./Drivers/STM32F4xx_HAL_Driver/Src/stm32f4xx_hal_spi.o
 .ARM.attributes
                0x000003e7       0x34 ./Drivers/STM32F4xx_HAL_Driver/Src/stm32f4xx_hal_tim.o
 .ARM.attributes
                0x0000041b       0x34 ./Drivers/STM32F4xx_HAL_Driver/Src/stm32f4xx_hal_tim_ex.o
 .ARM.attributes
                0x0000044f       0x34 ./Drivers/STM32F4xx_HAL_Driver/Src/stm32f4xx_hal_uart.o
 .ARM.attributes
                0x00000483       0x34 c:/program files (x86)/gnu tools arm embedded/9 2019-q4-major/bin/../lib/gcc/arm-none-eabi/9.2.1/../../../../arm-none-eabi/lib/thumb/v7e-m+fp/hard\libc_nano.a(lib_a-init.o)
 .ARM.attributes
                0x000004b7       0x34 c:/program files (x86)/gnu tools arm embedded/9 2019-q4-major/bin/../lib/gcc/arm-none-eabi/9.2.1/../../../../arm-none-eabi/lib/thumb/v7e-m+fp/hard\libc_nano.a(lib_a-memset.o)
 .ARM.attributes
                0x000004eb       0x1e c:/program files (x86)/gnu tools arm embedded/9 2019-q4-major/bin/../lib/gcc/arm-none-eabi/9.2.1/thumb/v7e-m+fp/hard\libgcc.a(_aeabi_uldivmod.o)
 .ARM.attributes
                0x00000509       0x34 c:/program files (x86)/gnu tools arm embedded/9 2019-q4-major/bin/../lib/gcc/arm-none-eabi/9.2.1/thumb/v7e-m+fp/hard\libgcc.a(_udivmoddi4.o)
 .ARM.attributes
                0x0000053d       0x1e c:/program files (x86)/gnu tools arm embedded/9 2019-q4-major/bin/../lib/gcc/arm-none-eabi/9.2.1/thumb/v7e-m+fp/hard\libgcc.a(_dvmd_tls.o)
 .ARM.attributes
                0x0000055b       0x1e c:/program files (x86)/gnu tools arm embedded/9 2019-q4-major/bin/../lib/gcc/arm-none-eabi/9.2.1/thumb/v7e-m+fp/hard/crtn.o
OUTPUT(SW Tutorial 2021.elf elf32-littlearm)

.debug_info     0x00000000    0x1328c
 .debug_info    0x00000000      0x9be ./Core/Src/can.o
 .debug_info    0x000009be      0x58a ./Core/Src/dma.o
 .debug_info    0x00000f48      0x742 ./Core/Src/gpio.o
 .debug_info    0x0000168a     0x1257 ./Core/Src/main.o
 .debug_info    0x000028e1      0xc7f ./Core/Src/spi.o
 .debug_info    0x00003560      0x394 ./Core/Src/stm32f4xx_hal_msp.o
 .debug_info    0x000038f4      0xaf5 ./Core/Src/stm32f4xx_it.o
 .debug_info    0x000043e9      0x5a4 ./Core/Src/system_stm32f4xx.o
 .debug_info    0x0000498d      0xe5e ./Core/Src/tim.o
 .debug_info    0x000057eb      0xa6a ./Core/Src/usart.o
 .debug_info    0x00006255       0x22 ./Core/Startup/startup_stm32f405rgtx.o
 .debug_info    0x00006277      0x9a0 ./Drivers/STM32F4xx_HAL_Driver/Src/stm32f4xx_hal.o
 .debug_info    0x00006c17     0x1089 ./Drivers/STM32F4xx_HAL_Driver/Src/stm32f4xx_hal_can.o
 .debug_info    0x00007ca0      0xec5 ./Drivers/STM32F4xx_HAL_Driver/Src/stm32f4xx_hal_cortex.o
 .debug_info    0x00008b65      0x9f1 ./Drivers/STM32F4xx_HAL_Driver/Src/stm32f4xx_hal_dma.o
 .debug_info    0x00009556      0x83e ./Drivers/STM32F4xx_HAL_Driver/Src/stm32f4xx_hal_gpio.o
 .debug_info    0x00009d94      0x996 ./Drivers/STM32F4xx_HAL_Driver/Src/stm32f4xx_hal_rcc.o
 .debug_info    0x0000a72a     0x17c0 ./Drivers/STM32F4xx_HAL_Driver/Src/stm32f4xx_hal_spi.o
 .debug_info    0x0000beea     0x2c22 ./Drivers/STM32F4xx_HAL_Driver/Src/stm32f4xx_hal_tim.o
 .debug_info    0x0000eb0c     0x15a2 ./Drivers/STM32F4xx_HAL_Driver/Src/stm32f4xx_hal_tim_ex.o
 .debug_info    0x000100ae     0x31de ./Drivers/STM32F4xx_HAL_Driver/Src/stm32f4xx_hal_uart.o

.debug_abbrev   0x00000000     0x280a
 .debug_abbrev  0x00000000      0x1d5 ./Core/Src/can.o
 .debug_abbrev  0x000001d5      0x11b ./Core/Src/dma.o
 .debug_abbrev  0x000002f0      0x157 ./Core/Src/gpio.o
 .debug_abbrev  0x00000447      0x21f ./Core/Src/main.o
 .debug_abbrev  0x00000666      0x1d7 ./Core/Src/spi.o
 .debug_abbrev  0x0000083d      0x11d ./Core/Src/stm32f4xx_hal_msp.o
 .debug_abbrev  0x0000095a      0x187 ./Core/Src/stm32f4xx_it.o
 .debug_abbrev  0x00000ae1      0x145 ./Core/Src/system_stm32f4xx.o
 .debug_abbrev  0x00000c26      0x1cc ./Core/Src/tim.o
 .debug_abbrev  0x00000df2      0x1bb ./Core/Src/usart.o
 .debug_abbrev  0x00000fad       0x12 ./Core/Startup/startup_stm32f405rgtx.o
 .debug_abbrev  0x00000fbf      0x1ed ./Drivers/STM32F4xx_HAL_Driver/Src/stm32f4xx_hal.o
 .debug_abbrev  0x000011ac      0x246 ./Drivers/STM32F4xx_HAL_Driver/Src/stm32f4xx_hal_can.o
 .debug_abbrev  0x000013f2      0x33c ./Drivers/STM32F4xx_HAL_Driver/Src/stm32f4xx_hal_cortex.o
 .debug_abbrev  0x0000172e      0x259 ./Drivers/STM32F4xx_HAL_Driver/Src/stm32f4xx_hal_dma.o
 .debug_abbrev  0x00001987      0x1f1 ./Drivers/STM32F4xx_HAL_Driver/Src/stm32f4xx_hal_gpio.o
 .debug_abbrev  0x00001b78      0x275 ./Drivers/STM32F4xx_HAL_Driver/Src/stm32f4xx_hal_rcc.o
 .debug_abbrev  0x00001ded      0x26e ./Drivers/STM32F4xx_HAL_Driver/Src/stm32f4xx_hal_spi.o
 .debug_abbrev  0x0000205b      0x25e ./Drivers/STM32F4xx_HAL_Driver/Src/stm32f4xx_hal_tim.o
 .debug_abbrev  0x000022b9      0x266 ./Drivers/STM32F4xx_HAL_Driver/Src/stm32f4xx_hal_tim_ex.o
 .debug_abbrev  0x0000251f      0x2eb ./Drivers/STM32F4xx_HAL_Driver/Src/stm32f4xx_hal_uart.o

.debug_aranges  0x00000000      0xff0
 .debug_aranges
                0x00000000       0x38 ./Core/Src/can.o
 .debug_aranges
                0x00000038       0x20 ./Core/Src/dma.o
 .debug_aranges
                0x00000058       0x20 ./Core/Src/gpio.o
 .debug_aranges
                0x00000078       0x30 ./Core/Src/main.o
 .debug_aranges
                0x000000a8       0x30 ./Core/Src/spi.o
 .debug_aranges
                0x000000d8       0x20 ./Core/Src/stm32f4xx_hal_msp.o
 .debug_aranges
                0x000000f8       0x80 ./Core/Src/stm32f4xx_it.o
 .debug_aranges
                0x00000178       0x28 ./Core/Src/system_stm32f4xx.o
 .debug_aranges
                0x000001a0       0x38 ./Core/Src/tim.o
 .debug_aranges
                0x000001d8       0x38 ./Core/Src/usart.o
 .debug_aranges
                0x00000210       0x28 ./Core/Startup/startup_stm32f405rgtx.o
 .debug_aranges
                0x00000238       0xf0 ./Drivers/STM32F4xx_HAL_Driver/Src/stm32f4xx_hal.o
 .debug_aranges
                0x00000328      0x138 ./Drivers/STM32F4xx_HAL_Driver/Src/stm32f4xx_hal_can.o
 .debug_aranges
                0x00000460      0x118 ./Drivers/STM32F4xx_HAL_Driver/Src/stm32f4xx_hal_cortex.o
 .debug_aranges
                0x00000578       0x90 ./Drivers/STM32F4xx_HAL_Driver/Src/stm32f4xx_hal_dma.o
 .debug_aranges
                0x00000608       0x58 ./Drivers/STM32F4xx_HAL_Driver/Src/stm32f4xx_hal_gpio.o
 .debug_aranges
                0x00000660       0x88 ./Drivers/STM32F4xx_HAL_Driver/Src/stm32f4xx_hal_rcc.o
 .debug_aranges
                0x000006e8      0x1d0 ./Drivers/STM32F4xx_HAL_Driver/Src/stm32f4xx_hal_spi.o
 .debug_aranges
                0x000008b8      0x3d0 ./Drivers/STM32F4xx_HAL_Driver/Src/stm32f4xx_hal_tim.o
 .debug_aranges
                0x00000c88      0x168 ./Drivers/STM32F4xx_HAL_Driver/Src/stm32f4xx_hal_tim_ex.o
 .debug_aranges
                0x00000df0      0x200 ./Drivers/STM32F4xx_HAL_Driver/Src/stm32f4xx_hal_uart.o

.debug_ranges   0x00000000      0xed8
 .debug_ranges  0x00000000       0x28 ./Core/Src/can.o
 .debug_ranges  0x00000028       0x10 ./Core/Src/dma.o
 .debug_ranges  0x00000038       0x10 ./Core/Src/gpio.o
 .debug_ranges  0x00000048       0x20 ./Core/Src/main.o
 .debug_ranges  0x00000068       0x20 ./Core/Src/spi.o
 .debug_ranges  0x00000088       0x10 ./Core/Src/stm32f4xx_hal_msp.o
 .debug_ranges  0x00000098       0x70 ./Core/Src/stm32f4xx_it.o
 .debug_ranges  0x00000108       0x18 ./Core/Src/system_stm32f4xx.o
 .debug_ranges  0x00000120       0x28 ./Core/Src/tim.o
 .debug_ranges  0x00000148       0x28 ./Core/Src/usart.o
 .debug_ranges  0x00000170       0x20 ./Core/Startup/startup_stm32f405rgtx.o
 .debug_ranges  0x00000190       0xe0 ./Drivers/STM32F4xx_HAL_Driver/Src/stm32f4xx_hal.o
 .debug_ranges  0x00000270      0x128 ./Drivers/STM32F4xx_HAL_Driver/Src/stm32f4xx_hal_can.o
 .debug_ranges  0x00000398      0x108 ./Drivers/STM32F4xx_HAL_Driver/Src/stm32f4xx_hal_cortex.o
 .debug_ranges  0x000004a0       0x80 ./Drivers/STM32F4xx_HAL_Driver/Src/stm32f4xx_hal_dma.o
 .debug_ranges  0x00000520       0x48 ./Drivers/STM32F4xx_HAL_Driver/Src/stm32f4xx_hal_gpio.o
 .debug_ranges  0x00000568       0x78 ./Drivers/STM32F4xx_HAL_Driver/Src/stm32f4xx_hal_rcc.o
 .debug_ranges  0x000005e0      0x1c0 ./Drivers/STM32F4xx_HAL_Driver/Src/stm32f4xx_hal_spi.o
 .debug_ranges  0x000007a0      0x3c0 ./Drivers/STM32F4xx_HAL_Driver/Src/stm32f4xx_hal_tim.o
 .debug_ranges  0x00000b60      0x158 ./Drivers/STM32F4xx_HAL_Driver/Src/stm32f4xx_hal_tim_ex.o
 .debug_ranges  0x00000cb8      0x220 ./Drivers/STM32F4xx_HAL_Driver/Src/stm32f4xx_hal_uart.o

.debug_macro    0x00000000    0x201cd
 .debug_macro   0x00000000      0x215 ./Core/Src/can.o
 .debug_macro   0x00000215      0xaa8 ./Core/Src/can.o
 .debug_macro   0x00000cbd      0x2ad ./Core/Src/can.o
 .debug_macro   0x00000f6a       0x2e ./Core/Src/can.o
 .debug_macro   0x00000f98       0x2f ./Core/Src/can.o
 .debug_macro   0x00000fc7       0x22 ./Core/Src/can.o
 .debug_macro   0x00000fe9       0x8e ./Core/Src/can.o
 .debug_macro   0x00001077       0x51 ./Core/Src/can.o
 .debug_macro   0x000010c8       0xef ./Core/Src/can.o
 .debug_macro   0x000011b7       0x6a ./Core/Src/can.o
 .debug_macro   0x00001221      0x1df ./Core/Src/can.o
 .debug_macro   0x00001400       0x1c ./Core/Src/can.o
 .debug_macro   0x0000141c       0x22 ./Core/Src/can.o
 .debug_macro   0x0000143e       0xdf ./Core/Src/can.o
 .debug_macro   0x0000151d     0x102d ./Core/Src/can.o
 .debug_macro   0x0000254a      0x11f ./Core/Src/can.o
 .debug_macro   0x00002669    0x1426d ./Core/Src/can.o
 .debug_macro   0x000168d6       0x6d ./Core/Src/can.o
 .debug_macro   0x00016943     0x3666 ./Core/Src/can.o
 .debug_macro   0x00019fa9      0x174 ./Core/Src/can.o
 .debug_macro   0x0001a11d       0x5c ./Core/Src/can.o
 .debug_macro   0x0001a179      0x8a7 ./Core/Src/can.o
 .debug_macro   0x0001aa20      0x9fe ./Core/Src/can.o
 .debug_macro   0x0001b41e      0x116 ./Core/Src/can.o
 .debug_macro   0x0001b534      0x130 ./Core/Src/can.o
 .debug_macro   0x0001b664       0xa5 ./Core/Src/can.o
 .debug_macro   0x0001b709      0x174 ./Core/Src/can.o
 .debug_macro   0x0001b87d      0x287 ./Core/Src/can.o
 .debug_macro   0x0001bb04       0x5f ./Core/Src/can.o
 .debug_macro   0x0001bb63      0x236 ./Core/Src/can.o
 .debug_macro   0x0001bd99      0x40f ./Core/Src/can.o
 .debug_macro   0x0001c1a8      0x12c ./Core/Src/can.o
 .debug_macro   0x0001c2d4      0x21e ./Core/Src/can.o
 .debug_macro   0x0001c4f2       0x2e ./Core/Src/can.o
 .debug_macro   0x0001c520      0x1b5 ./Core/Src/can.o
 .debug_macro   0x0001c6d5       0xd6 ./Core/Src/can.o
 .debug_macro   0x0001c7ab      0x11a ./Core/Src/can.o
 .debug_macro   0x0001c8c5       0x7e ./Core/Src/can.o
 .debug_macro   0x0001c943       0x89 ./Core/Src/can.o
 .debug_macro   0x0001c9cc      0x225 ./Core/Src/can.o
 .debug_macro   0x0001cbf1      0x8d1 ./Core/Src/can.o
 .debug_macro   0x0001d4c2       0x47 ./Core/Src/can.o
 .debug_macro   0x0001d509      0x295 ./Core/Src/can.o
 .debug_macro   0x0001d79e      0x12d ./Core/Src/can.o
 .debug_macro   0x0001d8cb      0x1bb ./Core/Src/can.o
 .debug_macro   0x0001da86      0x215 ./Core/Src/dma.o
 .debug_macro   0x0001dc9b      0x215 ./Core/Src/gpio.o
 .debug_macro   0x0001deb0      0x241 ./Core/Src/main.o
 .debug_macro   0x0001e0f1      0x215 ./Core/Src/spi.o
 .debug_macro   0x0001e306      0x20b ./Core/Src/stm32f4xx_hal_msp.o
 .debug_macro   0x0001e511      0x215 ./Core/Src/stm32f4xx_it.o
 .debug_macro   0x0001e726      0x1fc ./Core/Src/system_stm32f4xx.o
 .debug_macro   0x0001e922      0x215 ./Core/Src/tim.o
 .debug_macro   0x0001eb37      0x215 ./Core/Src/usart.o
 .debug_macro   0x0001ed4c      0x25c ./Drivers/STM32F4xx_HAL_Driver/Src/stm32f4xx_hal.o
 .debug_macro   0x0001efa8      0x204 ./Drivers/STM32F4xx_HAL_Driver/Src/stm32f4xx_hal_can.o
 .debug_macro   0x0001f1ac      0x1fc ./Drivers/STM32F4xx_HAL_Driver/Src/stm32f4xx_hal_cortex.o
 .debug_macro   0x0001f3a8      0x202 ./Drivers/STM32F4xx_HAL_Driver/Src/stm32f4xx_hal_dma.o
 .debug_macro   0x0001f5aa      0x202 ./Drivers/STM32F4xx_HAL_Driver/Src/stm32f4xx_hal_gpio.o
 .debug_macro   0x0001f7ac      0x220 ./Drivers/STM32F4xx_HAL_Driver/Src/stm32f4xx_hal_rcc.o
 .debug_macro   0x0001f9cc      0x20b ./Drivers/STM32F4xx_HAL_Driver/Src/stm32f4xx_hal_spi.o
 .debug_macro   0x0001fbd7      0x1fd ./Drivers/STM32F4xx_HAL_Driver/Src/stm32f4xx_hal_tim.o
 .debug_macro   0x0001fdd4      0x1fc ./Drivers/STM32F4xx_HAL_Driver/Src/stm32f4xx_hal_tim_ex.o
 .debug_macro   0x0001ffd0      0x1fd ./Drivers/STM32F4xx_HAL_Driver/Src/stm32f4xx_hal_uart.o

.debug_line     0x00000000    0x11a75
 .debug_line    0x00000000      0x6c5 ./Core/Src/can.o
 .debug_line    0x000006c5      0x5b5 ./Core/Src/dma.o
 .debug_line    0x00000c7a      0x61a ./Core/Src/gpio.o
 .debug_line    0x00001294      0x669 ./Core/Src/main.o
 .debug_line    0x000018fd      0x65e ./Core/Src/spi.o
 .debug_line    0x00001f5b      0x5ba ./Core/Src/stm32f4xx_hal_msp.o
 .debug_line    0x00002515      0x6dc ./Core/Src/stm32f4xx_it.o
 .debug_line    0x00002bf1      0x63b ./Core/Src/system_stm32f4xx.o
 .debug_line    0x0000322c      0x678 ./Core/Src/tim.o
 .debug_line    0x000038a4      0x68d ./Core/Src/usart.o
 .debug_line    0x00003f31       0x88 ./Core/Startup/startup_stm32f405rgtx.o
 .debug_line    0x00003fb9      0x8a1 ./Drivers/STM32F4xx_HAL_Driver/Src/stm32f4xx_hal.o
 .debug_line    0x0000485a     0x100d ./Drivers/STM32F4xx_HAL_Driver/Src/stm32f4xx_hal_can.o
 .debug_line    0x00005867      0xb50 ./Drivers/STM32F4xx_HAL_Driver/Src/stm32f4xx_hal_cortex.o
 .debug_line    0x000063b7      0xe06 ./Drivers/STM32F4xx_HAL_Driver/Src/stm32f4xx_hal_dma.o
 .debug_line    0x000071bd      0xa17 ./Drivers/STM32F4xx_HAL_Driver/Src/stm32f4xx_hal_gpio.o
 .debug_line    0x00007bd4      0xc1d ./Drivers/STM32F4xx_HAL_Driver/Src/stm32f4xx_hal_rcc.o
 .debug_line    0x000087f1     0x1b29 ./Drivers/STM32F4xx_HAL_Driver/Src/stm32f4xx_hal_spi.o
 .debug_line    0x0000a31a     0x3595 ./Drivers/STM32F4xx_HAL_Driver/Src/stm32f4xx_hal_tim.o
 .debug_line    0x0000d8af     0x189e ./Drivers/STM32F4xx_HAL_Driver/Src/stm32f4xx_hal_tim_ex.o
 .debug_line    0x0000f14d     0x2928 ./Drivers/STM32F4xx_HAL_Driver/Src/stm32f4xx_hal_uart.o

.debug_str      0x00000000    0xc2921
 .debug_str     0x00000000    0xbe350 ./Core/Src/can.o
                              0xbe60e (size before relaxing)
 .debug_str     0x000be350      0x4ca ./Core/Src/dma.o
                              0xbe77c (size before relaxing)
 .debug_str     0x000be81a       0x48 ./Core/Src/gpio.o
                              0xbe81c (size before relaxing)
 .debug_str     0x000be862      0x7a8 ./Core/Src/main.o
                              0xbedd4 (size before relaxing)
 .debug_str     0x000bf00a      0x1d9 ./Core/Src/spi.o
                              0xbec86 (size before relaxing)
 .debug_str     0x000bf1e3       0x2c ./Core/Src/stm32f4xx_hal_msp.o
                              0xbe2b2 (size before relaxing)
 .debug_str     0x000bf20f      0x10a ./Core/Src/stm32f4xx_it.o
                              0xbe9b7 (size before relaxing)
 .debug_str     0x000bf319       0xaf ./Core/Src/system_stm32f4xx.o
                              0xbdbaa (size before relaxing)
 .debug_str     0x000bf3c8      0x17a ./Core/Src/tim.o
                              0xbeead (size before relaxing)
 .debug_str     0x000bf542       0x6b ./Core/Src/usart.o
                              0xbe7cf (size before relaxing)
 .debug_str     0x000bf5ad       0x36 ./Core/Startup/startup_stm32f405rgtx.o
                                 0x5d (size before relaxing)
 .debug_str     0x000bf5e3      0x583 ./Drivers/STM32F4xx_HAL_Driver/Src/stm32f4xx_hal.o
                              0xbe66b (size before relaxing)
 .debug_str     0x000bfb66      0x572 ./Drivers/STM32F4xx_HAL_Driver/Src/stm32f4xx_hal_can.o
                              0xbe2b6 (size before relaxing)
 .debug_str     0x000c00d8      0x399 ./Drivers/STM32F4xx_HAL_Driver/Src/stm32f4xx_hal_cortex.o
                              0xbe45a (size before relaxing)
 .debug_str     0x000c0471      0x315 ./Drivers/STM32F4xx_HAL_Driver/Src/stm32f4xx_hal_dma.o
                              0xbdfd4 (size before relaxing)
 .debug_str     0x000c0786      0x15f ./Drivers/STM32F4xx_HAL_Driver/Src/stm32f4xx_hal_gpio.o
                              0xbdd51 (size before relaxing)
 .debug_str     0x000c08e5      0x259 ./Drivers/STM32F4xx_HAL_Driver/Src/stm32f4xx_hal_rcc.o
                              0xbdfac (size before relaxing)
 .debug_str     0x000c0b3e      0x575 ./Drivers/STM32F4xx_HAL_Driver/Src/stm32f4xx_hal_spi.o
                              0xbe44e (size before relaxing)
 .debug_str     0x000c10b3      0xd85 ./Drivers/STM32F4xx_HAL_Driver/Src/stm32f4xx_hal_tim.o
                              0xbeed9 (size before relaxing)
 .debug_str     0x000c1e38      0x4ee ./Drivers/STM32F4xx_HAL_Driver/Src/stm32f4xx_hal_tim_ex.o
                              0xbe68a (size before relaxing)
 .debug_str     0x000c2326      0x5fb ./Drivers/STM32F4xx_HAL_Driver/Src/stm32f4xx_hal_uart.o
                              0xbe532 (size before relaxing)

.comment        0x00000000       0x79
 .comment       0x00000000       0x79 ./Core/Src/can.o
                                 0x7a (size before relaxing)
 .comment       0x00000079       0x7a ./Core/Src/dma.o
 .comment       0x00000079       0x7a ./Core/Src/gpio.o
 .comment       0x00000079       0x7a ./Core/Src/main.o
 .comment       0x00000079       0x7a ./Core/Src/spi.o
 .comment       0x00000079       0x7a ./Core/Src/stm32f4xx_hal_msp.o
 .comment       0x00000079       0x7a ./Core/Src/stm32f4xx_it.o
 .comment       0x00000079       0x7a ./Core/Src/system_stm32f4xx.o
 .comment       0x00000079       0x7a ./Core/Src/tim.o
 .comment       0x00000079       0x7a ./Core/Src/usart.o
 .comment       0x00000079       0x7a ./Drivers/STM32F4xx_HAL_Driver/Src/stm32f4xx_hal.o
 .comment       0x00000079       0x7a ./Drivers/STM32F4xx_HAL_Driver/Src/stm32f4xx_hal_can.o
 .comment       0x00000079       0x7a ./Drivers/STM32F4xx_HAL_Driver/Src/stm32f4xx_hal_cortex.o
 .comment       0x00000079       0x7a ./Drivers/STM32F4xx_HAL_Driver/Src/stm32f4xx_hal_dma.o
 .comment       0x00000079       0x7a ./Drivers/STM32F4xx_HAL_Driver/Src/stm32f4xx_hal_gpio.o
 .comment       0x00000079       0x7a ./Drivers/STM32F4xx_HAL_Driver/Src/stm32f4xx_hal_rcc.o
 .comment       0x00000079       0x7a ./Drivers/STM32F4xx_HAL_Driver/Src/stm32f4xx_hal_spi.o
 .comment       0x00000079       0x7a ./Drivers/STM32F4xx_HAL_Driver/Src/stm32f4xx_hal_tim.o
 .comment       0x00000079       0x7a ./Drivers/STM32F4xx_HAL_Driver/Src/stm32f4xx_hal_tim_ex.o
 .comment       0x00000079       0x7a ./Drivers/STM32F4xx_HAL_Driver/Src/stm32f4xx_hal_uart.o

.debug_frame    0x00000000     0x4238
 .debug_frame   0x00000000       0x90 ./Core/Src/can.o
 .debug_frame   0x00000090       0x34 ./Core/Src/dma.o
 .debug_frame   0x000000c4       0x34 ./Core/Src/gpio.o
 .debug_frame   0x000000f8       0x68 ./Core/Src/main.o
 .debug_frame   0x00000160       0x74 ./Core/Src/spi.o
 .debug_frame   0x000001d4       0x38 ./Core/Src/stm32f4xx_hal_msp.o
 .debug_frame   0x0000020c      0x174 ./Core/Src/stm32f4xx_it.o
 .debug_frame   0x00000380       0x58 ./Core/Src/system_stm32f4xx.o
 .debug_frame   0x000003d8       0xa0 ./Core/Src/tim.o
 .debug_frame   0x00000478       0x90 ./Core/Src/usart.o
 .debug_frame   0x00000508      0x374 ./Drivers/STM32F4xx_HAL_Driver/Src/stm32f4xx_hal.o
 .debug_frame   0x0000087c      0x5a0 ./Drivers/STM32F4xx_HAL_Driver/Src/stm32f4xx_hal_can.o
 .debug_frame   0x00000e1c      0x498 ./Drivers/STM32F4xx_HAL_Driver/Src/stm32f4xx_hal_cortex.o
 .debug_frame   0x000012b4      0x250 ./Drivers/STM32F4xx_HAL_Driver/Src/stm32f4xx_hal_dma.o
 .debug_frame   0x00001504      0x14c ./Drivers/STM32F4xx_HAL_Driver/Src/stm32f4xx_hal_gpio.o
 .debug_frame   0x00001650      0x1f0 ./Drivers/STM32F4xx_HAL_Driver/Src/stm32f4xx_hal_rcc.o
 .debug_frame   0x00001840      0x824 ./Drivers/STM32F4xx_HAL_Driver/Src/stm32f4xx_hal_spi.o
 .debug_frame   0x00002064     0x11c4 ./Drivers/STM32F4xx_HAL_Driver/Src/stm32f4xx_hal_tim.o
 .debug_frame   0x00003228      0x638 ./Drivers/STM32F4xx_HAL_Driver/Src/stm32f4xx_hal_tim_ex.o
 .debug_frame   0x00003860      0x92c ./Drivers/STM32F4xx_HAL_Driver/Src/stm32f4xx_hal_uart.o
 .debug_frame   0x0000418c       0x2c c:/program files (x86)/gnu tools arm embedded/9 2019-q4-major/bin/../lib/gcc/arm-none-eabi/9.2.1/../../../../arm-none-eabi/lib/thumb/v7e-m+fp/hard\libc_nano.a(lib_a-init.o)
 .debug_frame   0x000041b8       0x20 c:/program files (x86)/gnu tools arm embedded/9 2019-q4-major/bin/../lib/gcc/arm-none-eabi/9.2.1/../../../../arm-none-eabi/lib/thumb/v7e-m+fp/hard\libc_nano.a(lib_a-memset.o)
 .debug_frame   0x000041d8       0x2c c:/program files (x86)/gnu tools arm embedded/9 2019-q4-major/bin/../lib/gcc/arm-none-eabi/9.2.1/thumb/v7e-m+fp/hard\libgcc.a(_aeabi_uldivmod.o)
 .debug_frame   0x00004204       0x34 c:/program files (x86)/gnu tools arm embedded/9 2019-q4-major/bin/../lib/gcc/arm-none-eabi/9.2.1/thumb/v7e-m+fp/hard\libgcc.a(_udivmoddi4.o)
