lcd.h:143:20:tft_char_is_changed	20	static
strhelper.h:24:21:itos	32	static
strhelper.h:165:21:ftos	56	static
strhelper.h:244:12:prints	16	static
strhelper.h:280:12:printi	40	static
lcd.c:95:20:tft_clear	20	static
lcd.c:107:20:tft_clear_full	36	static
lcd.c:70:20:write_data	0	static
lcd.c:61:20:write_command	16	static
strhelper.h:338:12:print	120	static
lcd.c:118:20:tft_set_region	32	static
lcd.c:225:6:tft_set_bg_color	0	static
lcd.c:234:6:tft_set_highlight_color	0	static
lcd.c:243:6:tft_set_text_color	0	static
lcd.c:252:6:tft_set_special_color	0	static
lcd.c:276:6:tft_print_colored	72	static
lcd.c:329:6:tft_printc	16	static
lcd.c:341:6:tft_prints	72	static
lcd.c:358:6:tft_printi	32	static
lcd.c:373:6:tft_printl	72	static
lcd.c:388:6:tft_printu	56	static
lcd.c:404:6:tft_printf	56	static
lcd.c:436:6:tft_print_rectangle_dma	32	static
lcd.c:458:6:tft_print_rectangle	64	static
lcd.c:491:6:tft_print_pixel	16	static
lcd.c:510:6:tft_print_image	24	static
lcd.c:519:6:tft_print_image565	40992	static
lcd.c:536:9:tft_update	96	static
lcd.c:259:6:tft_force_clear	16	static
lcd.c:144:6:tft_init	56	static
lcd.c:588:9:tft_update2	72	static
